Component: ARM Compiler 5.06 update 6 (build 750) Tool: armlink [4d35ed]

==============================================================================

Section Cross References

    startup_stm32f446xx.o(STACK) refers (Special) to heapauxi.o(.text) for __use_two_region_memory
    startup_stm32f446xx.o(HEAP) refers (Special) to heapauxi.o(.text) for __use_two_region_memory
    startup_stm32f446xx.o(RESET) refers (Special) to heapauxi.o(.text) for __use_two_region_memory
    startup_stm32f446xx.o(RESET) refers to startup_stm32f446xx.o(STACK) for __initial_sp
    startup_stm32f446xx.o(RESET) refers to startup_stm32f446xx.o(.text) for Reset_Handler
    startup_stm32f446xx.o(RESET) refers to stm32f4xx_it.o(i.NMI_Handler) for NMI_Handler
    startup_stm32f446xx.o(RESET) refers to stm32f4xx_it.o(i.HardFault_Handler) for HardFault_Handler
    startup_stm32f446xx.o(RESET) refers to stm32f4xx_it.o(i.MemManage_Handler) for MemManage_Handler
    startup_stm32f446xx.o(RESET) refers to stm32f4xx_it.o(i.BusFault_Handler) for BusFault_Handler
    startup_stm32f446xx.o(RESET) refers to stm32f4xx_it.o(i.UsageFault_Handler) for UsageFault_Handler
    startup_stm32f446xx.o(RESET) refers to port.o(.emb_text) for SVC_Handler
    startup_stm32f446xx.o(RESET) refers to stm32f4xx_it.o(i.DebugMon_Handler) for DebugMon_Handler
    startup_stm32f446xx.o(RESET) refers to port.o(i.SysTick_Handler) for SysTick_Handler
    startup_stm32f446xx.o(RESET) refers to stm32f4xx_it.o(i.DMA1_Stream3_IRQHandler) for DMA1_Stream3_IRQHandler
    startup_stm32f446xx.o(RESET) refers to stm32f4xx_it.o(i.DMA1_Stream4_IRQHandler) for DMA1_Stream4_IRQHandler
    startup_stm32f446xx.o(RESET) refers to stm32f4xx_it.o(i.TIM2_IRQHandler) for TIM2_IRQHandler
    startup_stm32f446xx.o(RESET) refers to stm32f4xx_it.o(i.SPI2_IRQHandler) for SPI2_IRQHandler
    startup_stm32f446xx.o(RESET) refers to stm32f4xx_it.o(i.OTG_FS_IRQHandler) for OTG_FS_IRQHandler
    startup_stm32f446xx.o(.text) refers (Special) to heapauxi.o(.text) for __use_two_region_memory
    startup_stm32f446xx.o(.text) refers to system_stm32f4xx.o(i.SystemInit) for SystemInit
    startup_stm32f446xx.o(.text) refers to __main.o(!!!main) for __main
    startup_stm32f446xx.o(.text) refers to startup_stm32f446xx.o(HEAP) for Heap_Mem
    startup_stm32f446xx.o(.text) refers to startup_stm32f446xx.o(STACK) for Stack_Mem
    bmi088driver.o(i.BMI088_init) refers to bmi088middleware.o(i.BMI088_GPIO_init) for BMI088_GPIO_init
    bmi088driver.o(i.BMI088_init) refers to bmi088middleware.o(i.BMI088_com_init) for BMI088_com_init
    bmi088driver.o(i.BMI088_init) refers to bmi088driver.o(i.bmi088_accel_init) for bmi088_accel_init
    bmi088driver.o(i.BMI088_init) refers to bmi088driver.o(i.bmi088_gyro_init) for bmi088_gyro_init
    bmi088driver.o(i.BMI088_read) refers to bmi088middleware.o(i.BMI088_ACCEL_NS_L) for BMI088_ACCEL_NS_L
    bmi088driver.o(i.BMI088_read) refers to bmi088middleware.o(i.BMI088_read_write_byte) for BMI088_read_write_byte
    bmi088driver.o(i.BMI088_read) refers to bmi088driver.o(i.BMI088_read_muli_reg) for BMI088_read_muli_reg
    bmi088driver.o(i.BMI088_read) refers to bmi088middleware.o(i.BMI088_ACCEL_NS_H) for BMI088_ACCEL_NS_H
    bmi088driver.o(i.BMI088_read) refers to bmi088middleware.o(i.BMI088_GYRO_NS_L) for BMI088_GYRO_NS_L
    bmi088driver.o(i.BMI088_read) refers to bmi088middleware.o(i.BMI088_GYRO_NS_H) for BMI088_GYRO_NS_H
    bmi088driver.o(i.BMI088_read) refers to bmi088driver.o(.data) for .data
    bmi088driver.o(i.BMI088_read_muli_reg) refers to bmi088middleware.o(i.BMI088_read_write_byte) for BMI088_read_write_byte
    bmi088driver.o(i.BMI088_read_single_reg) refers to bmi088middleware.o(i.BMI088_read_write_byte) for BMI088_read_write_byte
    bmi088driver.o(i.BMI088_write_single_reg) refers to bmi088middleware.o(i.BMI088_read_write_byte) for BMI088_read_write_byte
    bmi088driver.o(i.bmi088_accel_init) refers to bmi088middleware.o(i.BMI088_ACCEL_NS_L) for BMI088_ACCEL_NS_L
    bmi088driver.o(i.bmi088_accel_init) refers to bmi088middleware.o(i.BMI088_read_write_byte) for BMI088_read_write_byte
    bmi088driver.o(i.bmi088_accel_init) refers to bmi088middleware.o(i.BMI088_ACCEL_NS_H) for BMI088_ACCEL_NS_H
    bmi088driver.o(i.bmi088_accel_init) refers to bmi088middleware.o(i.BMI088_delay_us) for BMI088_delay_us
    bmi088driver.o(i.bmi088_accel_init) refers to bmi088driver.o(i.BMI088_write_single_reg) for BMI088_write_single_reg
    bmi088driver.o(i.bmi088_accel_init) refers to bmi088middleware.o(i.BMI088_delay_ms) for BMI088_delay_ms
    bmi088driver.o(i.bmi088_accel_init) refers to bmi088driver.o(.data) for .data
    bmi088driver.o(i.bmi088_gyro_init) refers to bmi088middleware.o(i.BMI088_GYRO_NS_L) for BMI088_GYRO_NS_L
    bmi088driver.o(i.bmi088_gyro_init) refers to bmi088driver.o(i.BMI088_read_single_reg) for BMI088_read_single_reg
    bmi088driver.o(i.bmi088_gyro_init) refers to bmi088middleware.o(i.BMI088_GYRO_NS_H) for BMI088_GYRO_NS_H
[...]
    Error_Handler                            0x0800106f   Thumb Code     2  main.o(i.Error_Handler)
    Get_Pitch                                0x08001071   Thumb Code     8  quaternionekf.o(i.Get_Pitch)
    Get_Roll                                 0x0800107d   Thumb Code     8  quaternionekf.o(i.Get_Roll)
    Get_Yaw                                  0x08001089   Thumb Code     8  quaternionekf.o(i.Get_Yaw)
    HAL_DMA_Abort_IT                         0x08001095   Thumb Code    36  stm32f4xx_hal_dma.o(i.HAL_DMA_Abort_IT)
    HAL_DMA_IRQHandler                       0x080010b9   Thumb Code   412  stm32f4xx_hal_dma.o(i.HAL_DMA_IRQHandler)
    HAL_DMA_Init                             0x08001259   Thumb Code   206  stm32f4xx_hal_dma.o(i.HAL_DMA_Init)
    HAL_Delay                                0x0800132d   Thumb Code    32  stm32f4xx_hal.o(i.HAL_Delay)
    HAL_GPIO_Init                            0x08001351   Thumb Code   380  stm32f4xx_hal_gpio.o(i.HAL_GPIO_Init)
    HAL_GPIO_WritePin                        0x080014f5   Thumb Code    10  stm32f4xx_hal_gpio.o(i.HAL_GPIO_WritePin)
    HAL_GetTick                              0x08001501   Thumb Code     6  stm32f4xx_hal.o(i.HAL_GetTick)
    HAL_IncTick                              0x0800150d   Thumb Code    12  stm32f4xx_hal.o(i.HAL_IncTick)
    HAL_Init                                 0x0800151d   Thumb Code    48  stm32f4xx_hal.o(i.HAL_Init)
    HAL_InitTick                             0x08001551   Thumb Code   134  stm32f4xx_hal_timebase_tim.o(i.HAL_InitTick)
    HAL_MspInit                              0x080015e9   Thumb Code    52  stm32f4xx_hal_msp.o(i.HAL_MspInit)
    HAL_NVIC_EnableIRQ                       0x08001621   Thumb Code    26  stm32f4xx_hal_cortex.o(i.HAL_NVIC_EnableIRQ)
    HAL_NVIC_SetPriority                     0x0800163d   Thumb Code    60  stm32f4xx_hal_cortex.o(i.HAL_NVIC_SetPriority)
    HAL_NVIC_SetPriorityGrouping             0x0800167d   Thumb Code    26  stm32f4xx_hal_cortex.o(i.HAL_NVIC_SetPriorityGrouping)
    HAL_PCDEx_ActivateLPM                    0x080016a1   Thumb Code    34  stm32f4xx_hal_pcd_ex.o(i.HAL_PCDEx_ActivateLPM)
    HAL_PCDEx_LPM_Callback                   0x080016c9   Thumb Code    92  usbd_conf.o(i.HAL_PCDEx_LPM_Callback)
    HAL_PCDEx_SetRxFiFo                      0x08001729   Thumb Code     8  stm32f4xx_hal_pcd_ex.o(i.HAL_PCDEx_SetRxFiFo)
    HAL_PCDEx_SetTxFiFo                      0x08001731   Thumb Code    68  stm32f4xx_hal_pcd_ex.o(i.HAL_PCDEx_SetTxFiFo)
    HAL_PCD_ConnectCallback                  0x08001775   Thumb Code     8  usbd_conf.o(i.HAL_PCD_ConnectCallback)
    HAL_PCD_DataInStageCallback              0x0800177d   Thumb Code    18  usbd_conf.o(i.HAL_PCD_DataInStageCallback)
    HAL_PCD_DataOutStageCallback             0x0800178f   Thumb Code    20  usbd_conf.o(i.HAL_PCD_DataOutStageCallback)
    HAL_PCD_DisconnectCallback               0x080017a3   Thumb Code     8  usbd_conf.o(i.HAL_PCD_DisconnectCallback)
    HAL_PCD_EP_Close                         0x080017ab   Thumb Code    76  stm32f4xx_hal_pcd.o(i.HAL_PCD_EP_Close)
    HAL_PCD_EP_ClrStall                      0x080017f7   Thumb Code    92  stm32f4xx_hal_pcd.o(i.HAL_PCD_EP_ClrStall)
    HAL_PCD_EP_GetRxCount                    0x08001853   Thumb Code    18  stm32f4xx_hal_pcd.o(i.HAL_PCD_EP_GetRxCount)
    HAL_PCD_EP_Open                          0x08001865   Thumb Code    96  stm32f4xx_hal_pcd.o(i.HAL_PCD_EP_Open)
    HAL_PCD_EP_Receive                       0x080018c5   Thumb Code    72  stm32f4xx_hal_pcd.o(i.HAL_PCD_EP_Receive)
    HAL_PCD_EP_SetStall                      0x0800190d   Thumb Code   116  stm32f4xx_hal_pcd.o(i.HAL_PCD_EP_SetStall)
    HAL_PCD_EP_Transmit                      0x08001981   Thumb Code    64  stm32f4xx_hal_pcd.o(i.HAL_PCD_EP_Transmit)
    HAL_PCD_IRQHandler                       0x080019c1   Thumb Code  1120  stm32f4xx_hal_pcd.o(i.HAL_PCD_IRQHandler)
    HAL_PCD_ISOINIncompleteCallback          0x08001e25   Thumb Code     8  usbd_conf.o(i.HAL_PCD_ISOINIncompleteCallback)
    HAL_PCD_ISOOUTIncompleteCallback         0x08001e2d   Thumb Code     8  usbd_conf.o(i.HAL_PCD_ISOOUTIncompleteCallback)
    HAL_PCD_Init                             0x08001e35   Thumb Code   238  stm32f4xx_hal_pcd.o(i.HAL_PCD_Init)
    HAL_PCD_MspInit                          0x08001f25   Thumb Code   150  usbd_conf.o(i.HAL_PCD_MspInit)
    HAL_PCD_ResetCallback                    0x08001fc5   Thumb Code    44  usbd_conf.o(i.HAL_PCD_ResetCallback)
    HAL_PCD_ResumeCallback                   0x08001ff1   Thumb Code     8  usbd_conf.o(i.HAL_PCD_ResumeCallback)
    HAL_PCD_SOFCallback                      0x08001ff9   Thumb Code     8  usbd_conf.o(i.HAL_PCD_SOFCallback)
    HAL_PCD_SetAddress                       0x08002001   Thumb Code    40  stm32f4xx_hal_pcd.o(i.HAL_PCD_SetAddress)
    HAL_PCD_SetupStageCallback               0x08002029   Thumb Code    14  usbd_conf.o(i.HAL_PCD_SetupStageCallback)
    HAL_PCD_Start                            0x08002037   Thumb Code    66  stm32f4xx_hal_pcd.o(i.HAL_PCD_Start)
    HAL_PCD_SuspendCallback                  0x08002079   Thumb Code    44  usbd_conf.o(i.HAL_PCD_SuspendCallback)
    HAL_RCCEx_PeriphCLKConfig                0x080020a9   Thumb Code  1068  stm32f4xx_hal_rcc_ex.o(i.HAL_RCCEx_PeriphCLKConfig)
    HAL_RCC_ClockConfig                      0x080024d5   Thumb Code   288  stm32f4xx_hal_rcc.o(i.HAL_RCC_ClockConfig)
    HAL_RCC_GetClockConfig                   0x08002609   Thumb Code    54  stm32f4xx_hal_rcc.o(i.HAL_RCC_GetClockConfig)
    HAL_RCC_GetHCLKFreq                      0x08002649   Thumb Code     6  stm32f4xx_hal_rcc.o(i.HAL_RCC_GetHCLKFreq)
    HAL_RCC_GetPCLK1Freq                     0x08002655   Thumb Code    20  stm32f4xx_hal_rcc.o(i.HAL_RCC_GetPCLK1Freq)
    HAL_RCC_GetSysClockFreq                  0x08002675   Thumb Code   140  stm32f4xx_hal_rcc_ex.o(i.HAL_RCC_GetSysClockFreq)
    HAL_RCC_OscConfig                        0x0800270d   Thumb Code   794  stm32f4xx_hal_rcc_ex.o(i.HAL_RCC_OscConfig)
    HAL_SPI_ErrorCallback                    0x08002a3d   Thumb Code     2  stm32f4xx_hal_spi.o(i.HAL_SPI_ErrorCallback)
    HAL_SPI_IRQHandler                       0x08002a41   Thumb Code   246  stm32f4xx_hal_spi.o(i.HAL_SPI_IRQHandler)
    HAL_SPI_Init                             0x08002b3d   Thumb Code   128  stm32f4xx_hal_spi.o(i.HAL_SPI_Init)
    HAL_SPI_MspInit                          0x08002bbd   Thumb Code   204  spi.o(i.HAL_SPI_MspInit)
    HAL_SPI_TransmitReceive                  0x08002c9d   Thumb Code   474  stm32f4xx_hal_spi.o(i.HAL_SPI_TransmitReceive)
    HAL_TIMEx_BreakCallback                  0x08002e77   Thumb Code     2  stm32f4xx_hal_tim_ex.o(i.HAL_TIMEx_BreakCallback)
    HAL_TIMEx_CommutCallback                 0x08002e79   Thumb Code     2  stm32f4xx_hal_tim_ex.o(i.HAL_TIMEx_CommutCallback)
    HAL_TIMEx_MasterConfigSynchronization    0x08002e7d   Thumb Code   116  stm32f4xx_hal_tim_ex.o(i.HAL_TIMEx_MasterConfigSynchronization)
    HAL_TIM_Base_Init                        0x08002f0d   Thumb Code    54  stm32f4xx_hal_tim.o(i.HAL_TIM_Base_Init)
    HAL_TIM_Base_MspInit                     0x08002f43   Thumb Code     2  stm32f4xx_hal_tim.o(i.HAL_TIM_Base_MspInit)
    HAL_TIM_Base_Start                       0x08002f45   Thumb Code    36  stm32f4xx_hal_tim.o(i.HAL_TIM_Base_Start)
    HAL_TIM_Base_Start_IT                    0x08002f69   Thumb Code    34  stm32f4xx_hal_tim.o(i.HAL_TIM_Base_Start_IT)
    HAL_TIM_IC_CaptureCallback               0x08002f8b   Thumb Code     2  stm32f4xx_hal_tim.o(i.HAL_TIM_IC_CaptureCallback)
    HAL_TIM_IRQHandler                       0x08002f8d   Thumb Code   358  stm32f4xx_hal_tim.o(i.HAL_TIM_IRQHandler)
    HAL_TIM_MspPostInit                      0x080030f5   Thumb Code    80  tim.o(i.HAL_TIM_MspPostInit)
    HAL_TIM_OC_DelayElapsedCallback          0x08003155   Thumb Code     2  stm32f4xx_hal_tim.o(i.HAL_TIM_OC_DelayElapsedCallback)
    HAL_TIM_PWM_ConfigChannel                0x08003157   Thumb Code   208  stm32f4xx_hal_tim.o(i.HAL_TIM_PWM_ConfigChannel)
    HAL_TIM_PWM_Init                         0x08003227   Thumb Code    54  stm32f4xx_hal_tim.o(i.HAL_TIM_PWM_Init)
    HAL_TIM_PWM_MspInit                      0x0800325d   Thumb Code    30  tim.o(i.HAL_TIM_PWM_MspInit)
    HAL_TIM_PWM_PulseFinishedCallback        0x08003285   Thumb Code     2  stm32f4xx_hal_tim.o(i.HAL_TIM_PWM_PulseFinishedCallback)
    HAL_TIM_PWM_Start                        0x08003289   Thumb Code    58  stm32f4xx_hal_tim.o(i.HAL_TIM_PWM_Start)
    HAL_TIM_PeriodElapsedCallback            0x080032cd   Thumb Code    14  main.o(i.HAL_TIM_PeriodElapsedCallback)
    HAL_TIM_TriggerCallback                  0x080032db   Thumb Code     2  stm32f4xx_hal_tim.o(i.HAL_TIM_TriggerCallback)
    HardFault_Handler                        0x080033d9   Thumb Code     2  stm32f4xx_it.o(i.HardFault_Handler)
    IMU_QuaternionEKF_Init                   0x08003581   Thumb Code   178  quaternionekf.o(i.IMU_QuaternionEKF_Init)
    IMU_QuaternionEKF_Update                 0x0800376d   Thumb Code   968  quaternionekf.o(i.IMU_QuaternionEKF_Update)
    IMU_Temperature_Ctrl                     0x08003f39   Thumb Code    60  imu_temp_control_task.o(i.IMU_Temperature_Ctrl)
    INS_Task                                 0x08003f89   Thumb Code   356  imu_temp_control_task.o(i.INS_Task)
    Imu_Init                                 0x08004101   Thumb Code    74  imu_temp_control_task.o(i.Imu_Init)
    Kalman_Filter_Init                       0x080041a5   Thumb Code  1060  kalman_filter.o(i.Kalman_Filter_Init)
    Kalman_Filter_Measure                    0x080045cd   Thumb Code    66  kalman_filter.o(i.Kalman_Filter_Measure)
    Kalman_Filter_P_Update                   0x08004615   Thumb Code   106  kalman_filter.o(i.Kalman_Filter_P_Update)
    Kalman_Filter_PminusUpdate               0x0800467f   Thumb Code   108  kalman_filter.o(i.Kalman_Filter_PminusUpdate)
    Kalman_Filter_SetK                       0x080046eb   Thumb Code   204  kalman_filter.o(i.Kalman_Filter_SetK)
    Kalman_Filter_Update                     0x080047b9   Thumb Code   226  kalman_filter.o(i.Kalman_Filter_Update)
    Kalman_Filter_xhatMinusUpdate            0x080048a1   Thumb Code   116  kalman_filter.o(i.Kalman_Filter_xhatMinusUpdate)
    Kalman_Filter_xhatUpdate                 0x08004915   Thumb Code   132  kalman_filter.o(i.Kalman_Filter_xhatUpdate)
    MX_DMA_Init                              0x08004999   Thumb Code    56  dma.o(i.MX_DMA_Init)
    MX_FREERTOS_Init                         0x080049d5   Thumb Code    52  freertos.o(i.MX_FREERTOS_Init)
    MX_GPIO_Init                             0x08004a11   Thumb Code   204  gpio.o(i.MX_GPIO_Init)
    MX_SPI2_Init                             0x08004aed   Thumb Code    64  spi.o(i.MX_SPI2_Init)
    MX_TIM3_Init                             0x08004b35   Thumb Code   102  tim.o(i.MX_TIM3_Init)
    MX_USB_DEVICE_Init                       0x08004ba5   Thumb Code    66  usb_device.o(i.MX_USB_DEVICE_Init)
    MahonyAHRSinit                           0x08004bf9   Thumb Code   480  mahonyahrs.o(i.MahonyAHRSinit)
    MahonyAHRSupdateIMU                      0x08004de1   Thumb Code   460  mahonyahrs.o(i.MahonyAHRSupdateIMU)
    Mahony_Init                              0x08004fb5   Thumb Code    56  mahonyahrs.o(i.Mahony_Init)
    Mahony_computeAngles                     0x08004ff5   Thumb Code   242  mahonyahrs.o(i.Mahony_computeAngles)
    Mahony_invSqrt                           0x080050f1   Thumb Code    56  mahonyahrs.o(i.Mahony_invSqrt)
    Mahony_update                            0x0800512d   Thumb Code   820  mahonyahrs.o(i.Mahony_update)
    MemManage_Handler                        0x08005469   Thumb Code     2  stm32f4xx_it.o(i.MemManage_Handler)
    NMI_Handler                              0x0800546b   Thumb Code     2  stm32f4xx_it.o(i.NMI_Handler)
    OTG_FS_IRQHandler                        0x0800546d   Thumb Code     6  stm32f4xx_it.o(i.OTG_FS_IRQHandler)
    PID_calc                                 0x080055dd   Thumb Code   292  pid.o(i.PID_calc)
    PID_init                                 0x08005705   Thumb Code    88  pid.o(i.PID_init)
    SPI2_IRQHandler                          0x08005761   Thumb Code     6  stm32f4xx_it.o(i.SPI2_IRQHandler)
    SysTick_Handler                          0x08005875   Thumb Code    38  port.o(i.SysTick_Handler)
    SystemClock_Config                       0x080058a1   Thumb Code   126  main.o(i.SystemClock_Config)
    SystemInit                               0x08005929   Thumb Code    22  system_stm32f4xx.o(i.SystemInit)
    TIM2_IRQHandler                          0x08005945   Thumb Code     6  stm32f4xx_it.o(i.TIM2_IRQHandler)
    TIM_Base_SetConfig                       0x08005951   Thumb Code   156  stm32f4xx_hal_tim.o(i.TIM_Base_SetConfig)
    TIM_CCxChannelCmd                        0x08005a19   Thumb Code    26  stm32f4xx_hal_tim.o(i.TIM_CCxChannelCmd)
    TIM_OC2_SetConfig                        0x08005a95   Thumb Code    98  stm32f4xx_hal_tim.o(i.TIM_OC2_SetConfig)
    USBD_CDC_GetDeviceQualifierDescriptor    0x08005cb5   Thumb Code     8  usbd_cdc.o(i.USBD_CDC_GetDeviceQualifierDescriptor)
    USBD_CDC_ReceivePacket                   0x08005d87   Thumb Code    40  usbd_cdc.o(i.USBD_CDC_ReceivePacket)
    USBD_CDC_RegisterInterface               0x08005daf   Thumb Code    14  usbd_cdc.o(i.USBD_CDC_RegisterInterface)
    USBD_CDC_SetRxBuffer                     0x08005dbd   Thumb Code    12  usbd_cdc.o(i.USBD_CDC_SetRxBuffer)
    USBD_CDC_SetTxBuffer                     0x08005dc9   Thumb Code    16  usbd_cdc.o(i.USBD_CDC_SetTxBuffer)
    USBD_CDC_TransmitPacket                  0x08005e89   Thumb Code    54  usbd_cdc.o(i.USBD_CDC_TransmitPacket)
    USBD_ClrClassConfig                      0x08005ebf   Thumb Code    16  usbd_core.o(i.USBD_ClrClassConfig)
    USBD_CtlContinueRx                       0x08005ecf   Thumb Code    16  usbd_ioreq.o(i.USBD_CtlContinueRx)
    USBD_CtlContinueSendData                 0x08005edf   Thumb Code    16  usbd_ioreq.o(i.USBD_CtlContinueSendData)
    USBD_CtlError                            0x08005eef   Thumb Code    22  usbd_ctlreq.o(i.USBD_CtlError)
    USBD_CtlPrepareRx                        0x08005f05   Thumb Code    30  usbd_ioreq.o(i.USBD_CtlPrepareRx)
    USBD_CtlReceiveStatus                    0x08005f23   Thumb Code    22  usbd_ioreq.o(i.USBD_CtlReceiveStatus)
    USBD_CtlSendData                         0x08005f39   Thumb Code    26  usbd_ioreq.o(i.USBD_CtlSendData)
    USBD_CtlSendStatus                       0x08005f53   Thumb Code    22  usbd_ioreq.o(i.USBD_CtlSendStatus)
    USBD_FS_ConfigStrDescriptor              0x08005f69   Thumb Code    16  usbd_desc.o(i.USBD_FS_ConfigStrDescriptor)
    USBD_FS_DeviceDescriptor                 0x08005f89   Thumb Code     8  usbd_desc.o(i.USBD_FS_DeviceDescriptor)
    USBD_FS_InterfaceStrDescriptor           0x08005f95   Thumb Code    16  usbd_desc.o(i.USBD_FS_InterfaceStrDescriptor)
    USBD_FS_LangIDStrDescriptor              0x08005fb9   Thumb Code     8  usbd_desc.o(i.USBD_FS_LangIDStrDescriptor)
    USBD_FS_ManufacturerStrDescriptor        0x08005fc5   Thumb Code    16  usbd_desc.o(i.USBD_FS_ManufacturerStrDescriptor)
    USBD_FS_ProductStrDescriptor             0x08005fed   Thumb Code    16  usbd_desc.o(i.USBD_FS_ProductStrDescriptor)
    USBD_FS_SerialStrDescriptor              0x08006019   Thumb Code    48  usbd_desc.o(i.USBD_FS_SerialStrDescriptor)
    USBD_FS_USR_BOSDescriptor                0x08006051   Thumb Code     8  usbd_desc.o(i.USBD_FS_USR_BOSDescriptor)
    USBD_GetString                           0x08006157   Thumb Code    72  usbd_ctlreq.o(i.USBD_GetString)
    USBD_Get_USB_Status                      0x0800619f   Thumb Code    24  usbd_conf.o(i.USBD_Get_USB_Status)
    USBD_Init                                0x080061b7   Thumb Code    52  usbd_core.o(i.USBD_Init)
    USBD_LL_ClearStallEP                     0x080061eb   Thumb Code    18  usbd_conf.o(i.USBD_LL_ClearStallEP)
    USBD_LL_CloseEP                          0x080061fd   Thumb Code    18  usbd_conf.o(i.USBD_LL_CloseEP)
    USBD_LL_DataInStage                      0x0800620f   Thumb Code   170  usbd_core.o(i.USBD_LL_DataInStage)
    USBD_LL_DataOutStage                     0x080062b9   Thumb Code   110  usbd_core.o(i.USBD_LL_DataOutStage)
    USBD_LL_DevConnected                     0x08006327   Thumb Code     4  usbd_core.o(i.USBD_LL_DevConnected)
    USBD_LL_DevDisconnected                  0x0800632b   Thumb Code    24  usbd_core.o(i.USBD_LL_DevDisconnected)
    USBD_LL_GetRxDataSize                    0x08006343   Thumb Code     8  usbd_conf.o(i.USBD_LL_GetRxDataSize)
    USBD_LL_Init                             0x0800634d   Thumb Code    90  usbd_conf.o(i.USBD_LL_Init)
    USBD_LL_IsStallEP                        0x080063ad   Thumb Code    32  usbd_conf.o(i.USBD_LL_IsStallEP)
    USBD_LL_IsoINIncomplete                  0x080063cd   Thumb Code     4  usbd_core.o(i.USBD_LL_IsoINIncomplete)
    USBD_LL_IsoOUTIncomplete                 0x080063d1   Thumb Code     4  usbd_core.o(i.USBD_LL_IsoOUTIncomplete)
    USBD_LL_OpenEP                           0x080063d5   Thumb Code    24  usbd_conf.o(i.USBD_LL_OpenEP)
    USBD_LL_PrepareReceive                   0x080063ed   Thumb Code    18  usbd_conf.o(i.USBD_LL_PrepareReceive)
    USBD_LL_Reset                            0x080063ff   Thumb Code    82  usbd_core.o(i.USBD_LL_Reset)
    USBD_LL_Resume                           0x08006451   Thumb Code    20  usbd_core.o(i.USBD_LL_Resume)
    USBD_LL_SOF                              0x08006465   Thumb Code    24  usbd_core.o(i.USBD_LL_SOF)
    USBD_LL_SetSpeed                         0x0800647d   Thumb Code     6  usbd_core.o(i.USBD_LL_SetSpeed)
    USBD_LL_SetUSBAddress                    0x08006483   Thumb Code    18  usbd_conf.o(i.USBD_LL_SetUSBAddress)
    USBD_LL_SetupStage                       0x08006495   Thumb Code    96  usbd_core.o(i.USBD_LL_SetupStage)
    USBD_LL_StallEP                          0x080064f5   Thumb Code    18  usbd_conf.o(i.USBD_LL_StallEP)
    USBD_LL_Start                            0x08006507   Thumb Code    18  usbd_conf.o(i.USBD_LL_Start)
    USBD_LL_Suspend                          0x08006519   Thumb Code    18  usbd_core.o(i.USBD_LL_Suspend)
    USBD_LL_Transmit                         0x0800652b   Thumb Code    18  usbd_conf.o(i.USBD_LL_Transmit)
    USBD_ParseSetupRequest                   0x0800653d   Thumb Code    48  usbd_ctlreq.o(i.USBD_ParseSetupRequest)
    USBD_RegisterClass                       0x0800656d   Thumb Code    34  usbd_core.o(i.USBD_RegisterClass)
    USBD_SetClassConfig                      0x0800658f   Thumb Code    20  usbd_core.o(i.USBD_SetClassConfig)
    USBD_Start                               0x08006661   Thumb Code     4  usbd_core.o(i.USBD_Start)
    USBD_StdDevReq                           0x08006665   Thumb Code   276  usbd_ctlreq.o(i.USBD_StdDevReq)
    USBD_StdEPReq                            0x08006779   Thumb Code   332  usbd_ctlreq.o(i.USBD_StdEPReq)
    USBD_StdItfReq                           0x080068c5   Thumb Code    82  usbd_ctlreq.o(i.USBD_StdItfReq)
    USBD_static_free                         0x08006917   Thumb Code     2  usbd_conf.o(i.USBD_static_free)
    USBD_static_malloc                       0x08006919   Thumb Code     4  usbd_conf.o(i.USBD_static_malloc)
    USB_ActivateEndpoint                     0x08006921   Thumb Code   122  stm32f4xx_ll_usb.o(i.USB_ActivateEndpoint)
    USB_ActivateSetup                        0x080069a1   Thumb Code    28  stm32f4xx_ll_usb.o(i.USB_ActivateSetup)
    USB_CoreInit                             0x080069bd   Thumb Code   112  stm32f4xx_ll_usb.o(i.USB_CoreInit)
    USB_DeactivateEndpoint                   0x08006a65   Thumb Code   198  stm32f4xx_ll_usb.o(i.USB_DeactivateEndpoint)
    USB_DevConnect                           0x08006b35   Thumb Code    28  stm32f4xx_ll_usb.o(i.USB_DevConnect)
    USB_DevDisconnect                        0x08006b51   Thumb Code    28  stm32f4xx_ll_usb.o(i.USB_DevDisconnect)
    USB_DevInit                              0x08006b6d   Thumb Code   358  stm32f4xx_ll_usb.o(i.USB_DevInit)
    USB_DisableGlobalInt                     0x08006cdd   Thumb Code    12  stm32f4xx_ll_usb.o(i.USB_DisableGlobalInt)
    USB_EP0StartXfer                         0x08006ce9   Thumb Code   276  stm32f4xx_ll_usb.o(i.USB_EP0StartXfer)
    USB_EP0_OutStart                         0x08006e01   Thumb Code    84  stm32f4xx_ll_usb.o(i.USB_EP0_OutStart)
    USB_EPClearStall                         0x08006e59   Thumb Code    88  stm32f4xx_ll_usb.o(i.USB_EPClearStall)
    USB_EPSetStall                           0x08006eb1   Thumb Code    88  stm32f4xx_ll_usb.o(i.USB_EPSetStall)
    USB_EPStartXfer                          0x08006f09   Thumb Code   480  stm32f4xx_ll_usb.o(i.USB_EPStartXfer)
    USB_EnableGlobalInt                      0x080070ed   Thumb Code    12  stm32f4xx_ll_usb.o(i.USB_EnableGlobalInt)
    USB_FlushRxFifo                          0x080070f9   Thumb Code    28  stm32f4xx_ll_usb.o(i.USB_FlushRxFifo)
    USB_FlushTxFifo                          0x08007119   Thumb Code    32  stm32f4xx_ll_usb.o(i.USB_FlushTxFifo)
    USB_GetDevSpeed                          0x0800713d   Thumb Code    26  stm32f4xx_ll_usb.o(i.USB_GetDevSpeed)
    USB_GetMode                              0x08007157   Thumb Code     8  stm32f4xx_ll_usb.o(i.USB_GetMode)
    USB_ReadDevAllInEpInterrupt              0x0800715f   Thumb Code    14  stm32f4xx_ll_usb.o(i.USB_ReadDevAllInEpInterrupt)
    USB_ReadDevAllOutEpInterrupt             0x0800716d   Thumb Code    14  stm32f4xx_ll_usb.o(i.USB_ReadDevAllOutEpInterrupt)
    USB_ReadDevInEPInterrupt                 0x0800717b   Thumb Code    36  stm32f4xx_ll_usb.o(i.USB_ReadDevInEPInterrupt)
    USB_ReadDevOutEPInterrupt                0x0800719f   Thumb Code    16  stm32f4xx_ll_usb.o(i.USB_ReadDevOutEPInterrupt)
    USB_ReadInterrupts                       0x080071af   Thumb Code     8  stm32f4xx_ll_usb.o(i.USB_ReadInterrupts)
    USB_ReadPacket                           0x080071b7   Thumb Code    30  stm32f4xx_ll_usb.o(i.USB_ReadPacket)
    USB_SetCurrentMode                       0x080071d5   Thumb Code    46  stm32f4xx_ll_usb.o(i.USB_SetCurrentMode)
    USB_SetDevAddress                        0x08007203   Thumb Code    34  stm32f4xx_ll_usb.o(i.USB_SetDevAddress)
    USB_SetTurnaroundTime                    0x08007225   Thumb Code   158  stm32f4xx_ll_usb.o(i.USB_SetTurnaroundTime)
    USB_WritePacket                          0x0800730d   Thumb Code    36  stm32f4xx_ll_usb.o(i.USB_WritePacket)
    UsageFault_Handler                       0x08007331   Thumb Code     2  stm32f4xx_it.o(i.UsageFault_Handler)
    Vofa_Task                                0x08007333   Thumb Code    12  freertos.o(i.Vofa_Task)
    __ARM_fpclassifyf                        0x0800733f   Thumb Code    38  fpclassifyf.o(i.__ARM_fpclassifyf)
    __hardfp_asinf                           0x08007385   Thumb Code   258  asinf.o(i.__hardfp_asinf)
    __hardfp_atan2f                          0x080074b1   Thumb Code   502  atan2f.o(i.__hardfp_atan2f)
    __hardfp_cosf                            0x08007701   Thumb Code   280  cosf.o(i.__hardfp_cosf)
    __hardfp_sinf                            0x08007851   Thumb Code   344  sinf.o(i.__hardfp_sinf)
    __hardfp_sqrtf                           0x080079e1   Thumb Code    58  sqrtf.o(i.__hardfp_sqrtf)
    __mathlib_flt_infnan                     0x08007a1b   Thumb Code     6  funder.o(i.__mathlib_flt_infnan)
    __mathlib_flt_infnan2                    0x08007a21   Thumb Code     6  funder.o(i.__mathlib_flt_infnan2)
    __mathlib_flt_invalid                    0x08007a29   Thumb Code    10  funder.o(i.__mathlib_flt_invalid)
    __mathlib_flt_underflow                  0x08007a39   Thumb Code    10  funder.o(i.__mathlib_flt_underflow)
    __mathlib_rredf2                         0x08007a49   Thumb Code   316  rredf.o(i.__mathlib_rredf2)
    arm_atan2_f32                            0x08007b9d   Thumb Code   498  quaternionekf.o(i.arm_atan2_f32)
    bmi088_accel_init                        0x08007dad   Thumb Code   264  bmi088driver.o(i.bmi088_accel_init)
    bmi088_gyro_init                         0x08007eb9   Thumb Code   214  bmi088driver.o(i.bmi088_gyro_init)
    imu_temp_control_task                    0x08007f95   Thumb Code    20  freertos.o(i.imu_temp_control_task)
    main                                     0x08007fc1   Thumb Code    34  main.o(i.main)
    osDelay                                  0x08007fef   Thumb Code    14  cmsis_os.o(i.osDelay)
    osKernelStart                            0x08007ffd   Thumb Code    10  cmsis_os.o(i.osKernelStart)
    osThreadCreate                           0x08008007   Thumb Code    84  cmsis_os.o(i.osThreadCreate)
    pvPortMalloc                             0x080083a5   Thumb Code   210  heap_4.o(i.pvPortMalloc)
    pxPortInitialiseStack                    0x0800847d   Thumb Code    40  port.o(i.pxPortInitialiseStack)
    sqrtf                                    0x080084a9   Thumb Code    62  sqrtf.o(i.sqrtf)
    user_malloc                              0x080084e7   Thumb Code     4  kalman_filter.o(i.user_malloc)
    uxListRemove                             0x080084eb   Thumb Code    38  list.o(i.uxListRemove)
    vApplicationGetIdleTaskMemory            0x08008511   Thumb Code    16  freertos.o(i.vApplicationGetIdleTaskMemory)
    vListInitialise                          0x08008525   Thumb Code    22  list.o(i.vListInitialise)
    vListInitialiseItem                      0x0800853b   Thumb Code     6  list.o(i.vListInitialiseItem)
    vListInsert                              0x08008541   Thumb Code    48  list.o(i.vListInsert)
    vListInsertEnd                           0x08008571   Thumb Code    24  list.o(i.vListInsertEnd)
    vPortEnterCritical                       0x08008589   Thumb Code    54  port.o(i.vPortEnterCritical)
    vPortExitCritical                        0x080085c9   Thumb Code    34  port.o(i.vPortExitCritical)
    vPortFree                                0x080085f1   Thumb Code    88  heap_4.o(i.vPortFree)
    vPortSetupTimerInterrupt                 0x0800864d   Thumb Code    32  port.o(i.vPortSetupTimerInterrupt)
    vTaskDelay                               0x08008671   Thumb Code    66  tasks.o(i.vTaskDelay)
    vTaskStartScheduler                      0x080086bd   Thumb Code    90  tasks.o(i.vTaskStartScheduler)
    vTaskSuspendAll                          0x08008729   Thumb Code    10  tasks.o(i.vTaskSuspendAll)
    vTaskSwitchContext                       0x08008739   Thumb Code    82  tasks.o(i.vTaskSwitchContext)
    vofa_demo                                0x08008795   Thumb Code    94  vofa.o(i.vofa_demo)
    vofa_send_data                           0x08008811   Thumb Code    44  vofa.o(i.vofa_send_data)
    vofa_sendframetail                       0x08008845   Thumb Code    50  vofa.o(i.vofa_sendframetail)
    vofa_start                               0x08008881   Thumb Code     4  vofa.o(i.vofa_start)
    vofa_transmit                            0x08008885   Thumb Code     4  vofa.o(i.vofa_transmit)
    xPortStartScheduler                      0x08008889   Thumb Code   224  port.o(i.xPortStartScheduler)
    xTaskCreate                              0x0800897d   Thumb Code    90  tasks.o(i.xTaskCreate)
    xTaskCreateStatic                        0x080089d7   Thumb Code    90  tasks.o(i.xTaskCreateStatic)
    xTaskIncrementTick                       0x08008a31   Thumb Code   192  tasks.o(i.xTaskIncrementTick)
    xTaskResumeAll                           0x08008af9   Thumb Code   182  tasks.o(i.xTaskResumeAll)
    __fpl_dretinf                            0x08008bbd   Thumb Code    12  dretinf.o(x$fpl$dretinf)
    __aeabi_f2d                              0x08008bc9   Thumb Code     0  f2d.o(x$fpl$f2d)
    _f2d                                     0x08008bc9   Thumb Code    86  f2d.o(x$fpl$f2d)
    __fpl_fnaninf                            0x08008c1f   Thumb Code   140  fnaninf.o(x$fpl$fnaninf)
    _fp_init                                 0x08008cab   Thumb Code    10  fpinit.o(x$fpl$fpinit)
    __fplib_config_fpu_vfp                   0x08008cb3   Thumb Code     0  fpinit.o(x$fpl$fpinit)
    __fplib_config_pureend_doubles           0x08008cb3   Thumb Code     0  fpinit.o(x$fpl$fpinit)
    __I$use$fp                               0x08008cb4   Number         0  usenofp.o(x$fpl$usenofp)
    imu_temp_PID                             0x08008cb4   Data          12  imu_temp_control_task.o(.constdata)
    IMU_QuaternionEKF_F                      0x08008d28   Data         144  quaternionekf.o(.constdata)
    IMU_QuaternionEKF_P_Const                0x08008db8   Data         144  quaternionekf.o(.constdata)
    AHBPrescTable                            0x08008e48   Data          16  system_stm32f4xx.o(.constdata)
    APBPrescTable                            0x08008e58   Data           8  system_stm32f4xx.o(.constdata)
    sinTable_f32                             0x08008e94   Data        2052  arm_common_tables.o(.rodata.sinTable_f32)
    Region$$Table$$Base                      0x08009698   Number         0  anon$$obj.o(Region$$Table)
    Region$$Table$$Limit                     0x080096b8   Number         0  anon$$obj.o(Region$$Table)
    BMI088_ACCEL_SEN                         0x20000000   Data           4  bmi088driver.o(.data)
    BMI088_GYRO_SEN                          0x20000004   Data           4  bmi088driver.o(.data)
    attitude_flag                            0x2000002c   Data           1  imu_temp_control_task.o(.data)
    yaw                                      0x20000030   Data           4  imu_temp_control_task.o(.data)
    correct_times                            0x20000034   Data           4  imu_temp_control_task.o(.data)
    temp                                     0x20000040   Data           4  imu_temp_control_task.o(.data)
    roll                                     0x20000044   Data           4  imu_temp_control_task.o(.data)
    pitch                                    0x20000048   Data           4  imu_temp_control_task.o(.data)
    TEMP_IMUHandle                           0x2000004c   Data           4  freertos.o(.data)
    VofaHandle                               0x20000050   Data           4  freertos.o(.data)
    FS_Desc                                  0x20000054   Data          32  usbd_desc.o(.data)
    USBD_LangIDDesc                          0x20000074   Data           4  usbd_desc.o(.data)
    USBD_FS_DeviceDesc                       0x20000078   Data          18  usbd_desc.o(.data)
    USBD_FS_BOSDesc                          0x2000008c   Data          12  usbd_desc.o(.data)
    USBD_StringSerial                        0x20000098   Data          26  usbd_desc.o(.data)
    USBD_Interface_fops_FS                   0x200000b4   Data          20  usbd_cdc_if.o(.data)
    uwTickFreq                               0x200000c8   Data           1  stm32f4xx_hal.o(.data)
    uwTickPrio                               0x200000cc   Data           4  stm32f4xx_hal.o(.data)
    uwTick                                   0x200000d0   Data           4  stm32f4xx_hal.o(.data)
    pxCurrentTCB                             0x200000d4   Data           4  tasks.o(.data)
    USBD_CDC                                 0x20000210   Data          56  usbd_cdc.o(.data)
    sizeof_float                             0x20000248   Data           2  kalman_filter.o(.data)
    sizeof_double                            0x2000024a   Data           2  kalman_filter.o(.data)
    IMU_QuaternionEKF_P                      0x2000024c   Data         144  quaternionekf.o(.data)
    anglesComputed                           0x200002dc   Data           1  mahonyahrs.o(.data)
    twoKi                                    0x200002e0   Data           4  mahonyahrs.o(.data)
    q0                                       0x200002e4   Data           4  mahonyahrs.o(.data)
    q1                                       0x200002e8   Data           4  mahonyahrs.o(.data)
    q2                                       0x200002ec   Data           4  mahonyahrs.o(.data)
    q3                                       0x200002f0   Data           4  mahonyahrs.o(.data)
    integralFBx                              0x200002f4   Data           4  mahonyahrs.o(.data)
    integralFBy                              0x200002f8   Data           4  mahonyahrs.o(.data)
    integralFBz                              0x200002fc   Data           4  mahonyahrs.o(.data)
    invSampleFreq                            0x20000300   Data           4  mahonyahrs.o(.data)
    roll_mahony                              0x20000304   Data           4  mahonyahrs.o(.data)
    pitch_mahony                             0x20000308   Data           4  mahonyahrs.o(.data)
    yaw_mahony                               0x2000030c   Data           4  mahonyahrs.o(.data)
    cnt                                      0x20000310   Data           2  vofa.o(.data)
    SystemCoreClock                          0x20000314   Data           4  system_stm32f4xx.o(.data)
    gyro_correct                             0x20000318   Data          12  imu_temp_control_task.o(.bss)
    gyro                                     0x20000324   Data          12  imu_temp_control_task.o(.bss)
    accel                                    0x20000330   Data          12  imu_temp_control_task.o(.bss)
    imu_temp_pid                             0x2000033c   Data          72  imu_temp_control_task.o(.bss)
    TEMP_IMUBuffer                           0x20000384   Data        4096  freertos.o(.bss)
    TEMP_IMUControlBlock                     0x20001384   Data          84  freertos.o(.bss)
    VofaBuffer                               0x200013d8   Data        2048  freertos.o(.bss)
    VofaControlBlock                         0x20001bd8   Data          84  freertos.o(.bss)
    hspi2                                    0x20001e80   Data          88  spi.o(.bss)
    hdma_spi2_rx                             0x20001ed8   Data          96  spi.o(.bss)
    hdma_spi2_tx                             0x20001f38   Data          96  spi.o(.bss)
    htim3                                    0x20001f98   Data          64  tim.o(.bss)
    htim2                                    0x20001fd8   Data          64  stm32f4xx_hal_timebase_tim.o(.bss)
    hUsbDeviceFS                             0x20002018   Data         720  usb_device.o(.bss)
    USBD_StrDesc                             0x200022e8   Data         512  usbd_desc.o(.bss)
    UserRxBufferFS                           0x200024e8   Data        2048  usbd_cdc_if.o(.bss)
    UserTxBufferFS                           0x20002ce8   Data        2048  usbd_cdc_if.o(.bss)
    hpcd_USB_OTG_FS                          0x20003708   Data        1032  usbd_conf.o(.bss)
    QEKF_INS                                 0x20007800   Data         480  quaternionekf.o(.bss)
    IMU_QuaternionEKF_K                      0x200079e0   Data          72  quaternionekf.o(.bss)
    IMU_QuaternionEKF_H                      0x20007a28   Data          72  quaternionekf.o(.bss)
    send_buf                                 0x20007a70   Data        1024  vofa.o(.bss)
    __libspace_start                         0x20007e70   Data          96  libspace.o(.bss)
    __temporary_stack_top$libspace           0x20007ed0   Data           0  libspace.o(.bss)



==============================================================================

Memory Map of the image

  Image Entry point : 0x080001c5

  Load Region LR_IROM1 (Base: 0x08000000, Size: 0x000099d0, Max: 0x00040000, ABSOLUTE, COMPRESSED[0x000097d4])

    Execution Region ER_IROM1 (Exec base: 0x08000000, Load base: 0x08000000, Size: 0x000096b8, Max: 0x00040000, ABSOLUTE)

    Exec Addr    Load Addr    Size         Type   Attr      Idx    E Section Name        Object

    0x08000000   0x08000000   0x000001c4   Data   RO            3    RESET               startup_stm32f446xx.o
    0x080001c4   0x080001c4   0x00000008   Code   RO         7033  * !!!main             c_w.l(__main.o)
    0x080001cc   0x080001cc   0x00000034   Code   RO         7295    !!!scatter          c_w.l(__scatter.o)
    0x08000200   0x08000200   0x0000005a   Code   RO         7293    !!dczerorl2         c_w.l(__dczerorl2.o)
    0x0800025a   0x0800025a   0x00000002   PAD
    0x0800025c   0x0800025c   0x0000001c   Code   RO         7297    !!handler_zi        c_w.l(__scatter_zi.o)
    0x08000278   0x08000278   0x00000002   Code   RO         7166    .ARM.Collect$$libinit$$00000000  c_w.l(libinit.o)
    0x0800027a   0x0800027a   0x00000004   Code   RO         7175    .ARM.Collect$$libinit$$00000001  c_w.l(libinit2.o)
    0x0800027e   0x0800027e   0x00000000   Code   RO         7178    .ARM.Collect$$libinit$$00000004  c_w.l(libinit2.o)
    0x0800027e   0x0800027e   0x00000000   Code   RO         7181    .ARM.Collect$$libinit$$0000000A  c_w.l(libinit2.o)
    0x0800027e   0x0800027e   0x00000000   Code   RO         7183    .ARM.Collect$$libinit$$0000000C  c_w.l(libinit2.o)
    0x0800027e   0x0800027e   0x00000000   Code   RO         7185    .ARM.Collect$$libinit$$0000000E  c_w.l(libinit2.o)
    0x0800027e   0x0800027e   0x00000000   Code   RO         7188    .ARM.Collect$$libinit$$00000011  c_w.l(libinit2.o)
    0x0800027e   0x0800027e   0x00000000   Code   RO         7190    .ARM.Collect$$libinit$$00000013  c_w.l(libinit2.o)
    0x0800027e   0x0800027e   0x00000000   Code   RO         7192    .ARM.Collect$$libinit$$00000015  c_w.l(libinit2.o)
    0x0800027e   0x0800027e   0x00000000   Code   RO         7194    .ARM.Collect$$libinit$$00000017  c_w.l(libinit2.o)
    0x0800027e   0x0800027e   0x00000000   Code   RO         7196    .ARM.Collect$$libinit$$00000019  c_w.l(libinit2.o)
    0x0800027e   0x0800027e   0x00000000   Code   RO         7198    .ARM.Collect$$libinit$$0000001B  c_w.l(libinit2.o)
    0x0800027e   0x0800027e   0x00000000   Code   RO         7200    .ARM.Collect$$libinit$$0000001D  c_w.l(libinit2.o)
    0x0800027e   0x0800027e   0x00000000   Code   RO         7202    .ARM.Collect$$libinit$$0000001F  c_w.l(libinit2.o)
    0x0800027e   0x0800027e   0x00000000   Code   RO         7204    .ARM.Collect$$libinit$$00000021  c_w.l(libinit2.o)
    0x0800027e   0x0800027e   0x00000000   Code   RO         7206    .ARM.Collect$$libinit$$00000023  c_w.l(libinit2.o)
    0x0800027e   0x0800027e   0x00000000   Code   RO         7208    .ARM.Collect$$libinit$$00000025  c_w.l(libinit2.o)
    0x0800027e   0x0800027e   0x00000000   Code   RO         7212    .ARM.Collect$$libinit$$0000002C  c_w.l(libinit2.o)
    0x0800027e   0x0800027e   0x00000000   Code   RO         7214    .ARM.Collect$$libinit$$0000002E  c_w.l(libinit2.o)
    0x0800027e   0x0800027e   0x00000000   Code   RO         7216    .ARM.Collect$$libinit$$00000030  c_w.l(libinit2.o)
    0x0800027e   0x0800027e   0x00000000   Code   RO         7218    .ARM.Collect$$libinit$$00000032  c_w.l(libinit2.o)
    0x0800027e   0x0800027e   0x00000002   Code   RO         7219    .ARM.Collect$$libinit$$00000033  c_w.l(libinit2.o)
    0x08000280   0x08000280   0x00000002   Code   RO         7250    .ARM.Collect$$libshutdown$$00000000  c_w.l(libshutdown.o)
    0x08000282   0x08000282   0x00000000   Code   RO         7276    .ARM.Collect$$libshutdown$$00000002  c_w.l(libshutdown2.o)
    0x08000282   0x08000282   0x00000000   Code   RO         7278    .ARM.Collect$$libshutdown$$00000004  c_w.l(libshutdown2.o)
    0x08000282   0x08000282   0x00000000   Code   RO         7281    .ARM.Collect$$libshutdown$$00000007  c_w.l(libshutdown2.o)
    0x08000282   0x08000282   0x00000000   Code   RO         7284    .ARM.Collect$$libshutdown$$0000000A  c_w.l(libshutdown2.o)
    0x08000282   0x08000282   0x00000000   Code   RO         7286    .ARM.Collect$$libshutdown$$0000000C  c_w.l(libshutdown2.o)
    0x08000282   0x08000282   0x00000000   Code   RO         7289    .ARM.Collect$$libshutdown$$0000000F  c_w.l(libshutdown2.o)
    0x08000282   0x08000282   0x00000002   Code   RO         7290    .ARM.Collect$$libshutdown$$00000010  c_w.l(libshutdown2.o)
    0x08000284   0x08000284   0x00000000   Code   RO         7097    .ARM.Collect$$rtentry$$00000000  c_w.l(__rtentry.o)
    0x08000284   0x08000284   0x00000000   Code   RO         7129    .ARM.Collect$$rtentry$$00000002  c_w.l(__rtentry2.o)
    0x08000284   0x08000284   0x00000006   Code   RO         7141    .ARM.Collect$$rtentry$$00000004  c_w.l(__rtentry4.o)
    0x0800028a   0x0800028a   0x00000000   Code   RO         7131    .ARM.Collect$$rtentry$$00000009  c_w.l(__rtentry2.o)
    0x0800028a   0x0800028a   0x00000004   Code   RO         7132    .ARM.Collect$$rtentry$$0000000A  c_w.l(__rtentry2.o)
    0x0800028e   0x0800028e   0x00000000   Code   RO         7134    .ARM.Collect$$rtentry$$0000000C  c_w.l(__rtentry2.o)
    0x0800028e   0x0800028e   0x00000008   Code   RO         7135    .ARM.Collect$$rtentry$$0000000D  c_w.l(__rtentry2.o)
    0x08000296   0x08000296   0x00000002   Code   RO         7167    .ARM.Collect$$rtexit$$00000000  c_w.l(rtexit.o)
    0x08000298   0x08000298   0x00000000   Code   RO         7223    .ARM.Collect$$rtexit$$00000002  c_w.l(rtexit2.o)
    0x08000298   0x08000298   0x00000004   Code   RO         7224    .ARM.Collect$$rtexit$$00000003  c_w.l(rtexit2.o)
    0x0800029c   0x0800029c   0x00000006   Code   RO         7225    .ARM.Collect$$rtexit$$00000004  c_w.l(rtexit2.o)
    0x080002a2   0x080002a2   0x00000002   PAD
    0x080002a4   0x080002a4   0x000000be   Code   RO         5788    .emb_text           port.o
    0x08000362   0x08000362   0x00000002   PAD
    0x08000364   0x08000364   0x00000040   Code   RO            4    .text               startup_stm32f446xx.o
    0x080003a4   0x080003a4   0x000000ee   Code   RO         7017    .text               c_w.l(lludivv7m.o)
    0x08000492   0x08000492   0x00000064   Code   RO         7023    .text               c_w.l(rt_memcpy_w.o)
    0x080004f6   0x080004f6   0x00000044   Code   RO         7027    .text               c_w.l(rt_memclr.o)
    0x0800053a   0x0800053a   0x0000004e   Code   RO         7029    .text               c_w.l(rt_memclr_w.o)
    0x08000588   0x08000588   0x00000006   Code   RO         7031    .text               c_w.l(heapauxi.o)
    0x0800058e   0x0800058e   0x00000016   Code   RO         7102    .text               c_w.l(_rserrno.o)
    0x080005a4   0x080005a4   0x00000008   Code   RO         7148    .text               c_w.l(rt_errno_addr_intlibspace.o)
    0x080005ac   0x080005ac   0x00000008   Code   RO         7150    .text               c_w.l(libspace.o)
    0x080005b4   0x080005b4   0x0000004a   Code   RO         7153    .text               c_w.l(sys_stackheap_outer.o)
    0x080005fe   0x080005fe   0x00000012   Code   RO         7155    .text               c_w.l(exit.o)
    0x08000610   0x08000610   0x0000000c   Code   RO         7220    .text               c_w.l(sys_exit.o)
    0x0800061c   0x0800061c   0x00000002   Code   RO         7239    .text               c_w.l(use_no_semi.o)
    0x0800061e   0x0800061e   0x00000000   Code   RO         7241    .text               c_w.l(indicate_semi.o)
    0x0800061e   0x0800061e   0x00000002   PAD
    0x08000620   0x08000620   0x00000098   Code   RO         6834    .text.arm_cos_f32   arm_cortexM4lf_math.lib(arm_cos_f32.o)
    0x080006b8   0x080006b8   0x000000ba   Code   RO         6843    .text.arm_mat_add_f32  arm_cortexM4lf_math.lib(arm_mat_add_f32.o)
    0x08000772   0x08000772   0x00000008   Code   RO         6852    .text.arm_mat_init_f32  arm_cortexM4lf_math.lib(arm_mat_init_f32.o)
    0x0800077a   0x0800077a   0x00000002   PAD
    0x0800077c   0x0800077c   0x000002f4   Code   RO         6860    .text.arm_mat_inverse_f32  arm_cortexM4lf_math.lib(arm_mat_inverse_f32.o)
    0x08000a70   0x08000a70   0x00000128   Code   RO         6869    .text.arm_mat_mult_f32  arm_cortexM4lf_math.lib(arm_mat_mult_f32.o)
    0x08000b98   0x08000b98   0x000000ba   Code   RO         6878    .text.arm_mat_sub_f32  arm_cortexM4lf_math.lib(arm_mat_sub_f32.o)
    0x08000c52   0x08000c52   0x00000002   PAD
    0x08000c54   0x08000c54   0x000000a2   Code   RO         6887    .text.arm_mat_trans_f32  arm_cortexM4lf_math.lib(arm_mat_trans_f32.o)
    0x08000cf6   0x08000cf6   0x00000002   PAD
    0x08000cf8   0x08000cf8   0x00000010   Code   RO          191    i.BMI088_ACCEL_NS_H  bmi088middleware.o
    0x08000d08   0x08000d08   0x00000010   Code   RO          192    i.BMI088_ACCEL_NS_L  bmi088middleware.o
    0x08000d18   0x08000d18   0x00000002   Code   RO          193    i.BMI088_GPIO_init  bmi088middleware.o
    0x08000d1a   0x08000d1a   0x00000002   PAD
    0x08000d1c   0x08000d1c   0x00000010   Code   RO          194    i.BMI088_GYRO_NS_H  bmi088middleware.o
    0x08000d2c   0x08000d2c   0x00000010   Code   RO          195    i.BMI088_GYRO_NS_L  bmi088middleware.o
    0x08000d3c   0x08000d3c   0x00000002   Code   RO          196    i.BMI088_com_init   bmi088middleware.o
    0x08000d3e   0x08000d3e   0x00000018   Code   RO          197    i.BMI088_delay_ms   bmi088middleware.o
    0x08000d56   0x08000d56   0x0000002e   Code   RO          198    i.BMI088_delay_us   bmi088middleware.o
    0x08000d84   0x08000d84   0x00000018   Code   RO           13    i.BMI088_init       bmi088driver.o
    0x08000d9c   0x08000d9c   0x00000158   Code   RO           14    i.BMI088_read       bmi088driver.o
    0x08000ef4   0x08000ef4   0x00000024   Code   RO           15    i.BMI088_read_muli_reg  bmi088driver.o
    0x08000f18   0x08000f18   0x00000016   Code   RO           16    i.BMI088_read_single_reg  bmi088driver.o
    0x08000f2e   0x08000f2e   0x00000002   PAD
    0x08000f30   0x08000f30   0x00000020   Code   RO          199    i.BMI088_read_write_byte  bmi088middleware.o
    0x08000f50   0x08000f50   0x00000012   Code   RO           17    i.BMI088_write_single_reg  bmi088driver.o
    0x08000f62   0x08000f62   0x00000002   Code   RO          953    i.BusFault_Handler  stm32f4xx_it.o
    0x08000f64   0x08000f64   0x00000004   Code   RO         1244    i.CDC_Control_FS    usbd_cdc_if.o
    0x08000f68   0x08000f68   0x00000004   Code   RO         1245    i.CDC_DeInit_FS     usbd_cdc_if.o
    0x08000f6c   0x08000f6c   0x00000024   Code   RO         1246    i.CDC_Init_FS       usbd_cdc_if.o
    0x08000f90   0x08000f90   0x00000018   Code   RO         1247    i.CDC_Receive_FS    usbd_cdc_if.o
    0x08000fa8   0x08000fa8   0x00000004   Code   RO         1248    i.CDC_TransmitCplt_FS  usbd_cdc_if.o
    0x08000fac   0x08000fac   0x0000002c   Code   RO         1249    i.CDC_Transmit_FS   usbd_cdc_if.o
    0x08000fd8   0x08000fd8   0x0000000c   Code   RO          954    i.DMA1_Stream3_IRQHandler  stm32f4xx_it.o
    0x08000fe4   0x08000fe4   0x0000000c   Code   RO          955    i.DMA1_Stream4_IRQHandler  stm32f4xx_it.o
    0x08000ff0   0x08000ff0   0x00000028   Code   RO         2637    i.DMA_CalcBaseAndBitshift  stm32f4xx_hal_dma.o
    0x08001018   0x08001018   0x00000054   Code   RO         2638    i.DMA_CheckFifoParam  stm32f4xx_hal_dma.o
    0x0800106c   0x0800106c   0x00000002   Code   RO          956    i.DebugMon_Handler  stm32f4xx_it.o
    0x0800106e   0x0800106e   0x00000002   Code   RO          589    i.Error_Handler     main.o
    0x08001070   0x08001070   0x0000000c   Code   RO         6356    i.Get_Pitch         quaternionekf.o
    0x0800107c   0x0800107c   0x0000000c   Code   RO         6357    i.Get_Roll          quaternionekf.o
    0x08001088   0x08001088   0x0000000c   Code   RO         6358    i.Get_Yaw           quaternionekf.o
    0x08001094   0x08001094   0x00000024   Code   RO         2641    i.HAL_DMA_Abort_IT  stm32f4xx_hal_dma.o
    0x080010b8   0x080010b8   0x000001a0   Code   RO         2645    i.HAL_DMA_IRQHandler  stm32f4xx_hal_dma.o
    0x08001258   0x08001258   0x000000d4   Code   RO         2646    i.HAL_DMA_Init      stm32f4xx_hal_dma.o
    0x0800132c   0x0800132c   0x00000024   Code   RO         3077    i.HAL_Delay         stm32f4xx_hal.o
    0x08001350   0x08001350   0x000001a4   Code   RO         2533    i.HAL_GPIO_Init     stm32f4xx_hal_gpio.o
    0x080014f4   0x080014f4   0x0000000a   Code   RO         2537    i.HAL_GPIO_WritePin  stm32f4xx_hal_gpio.o
    0x080014fe   0x080014fe   0x00000002   PAD
    0x08001500   0x08001500   0x0000000c   Code   RO         3083    i.HAL_GetTick       stm32f4xx_hal.o
    0x0800150c   0x0800150c   0x00000010   Code   RO         3089    i.HAL_IncTick       stm32f4xx_hal.o
    0x0800151c   0x0800151c   0x00000034   Code   RO         3090    i.HAL_Init          stm32f4xx_hal.o
    0x08001550   0x08001550   0x00000098   Code   RO         1065    i.HAL_InitTick      stm32f4xx_hal_timebase_tim.o
    0x080015e8   0x080015e8   0x00000038   Code   RO         1041    i.HAL_MspInit       stm32f4xx_hal_msp.o
    0x08001620   0x08001620   0x0000001a   Code   RO         2940    i.HAL_NVIC_EnableIRQ  stm32f4xx_hal_cortex.o
    0x0800163a   0x0800163a   0x00000002   PAD
    0x0800163c   0x0800163c   0x00000040   Code   RO         2946    i.HAL_NVIC_SetPriority  stm32f4xx_hal_cortex.o
    0x0800167c   0x0800167c   0x00000024   Code   RO         2947    i.HAL_NVIC_SetPriorityGrouping  stm32f4xx_hal_cortex.o
    0x080016a0   0x080016a0   0x00000028   Code   RO         1740    i.HAL_PCDEx_ActivateLPM  stm32f4xx_hal_pcd_ex.o
    0x080016c8   0x080016c8   0x00000060   Code   RO         1301    i.HAL_PCDEx_LPM_Callback  usbd_conf.o
    0x08001728   0x08001728   0x00000008   Code   RO         1744    i.HAL_PCDEx_SetRxFiFo  stm32f4xx_hal_pcd_ex.o
    0x08001730   0x08001730   0x00000044   Code   RO         1745    i.HAL_PCDEx_SetTxFiFo  stm32f4xx_hal_pcd_ex.o
    0x08001774   0x08001774   0x00000008   Code   RO         1302    i.HAL_PCD_ConnectCallback  usbd_conf.o
    0x0800177c   0x0800177c   0x00000012   Code   RO         1303    i.HAL_PCD_DataInStageCallback  usbd_conf.o
    0x0800178e   0x0800178e   0x00000014   Code   RO         1304    i.HAL_PCD_DataOutStageCallback  usbd_conf.o
    0x080017a2   0x080017a2   0x00000008   Code   RO         1305    i.HAL_PCD_DisconnectCallback  usbd_conf.o
    0x080017aa   0x080017aa   0x0000004c   Code   RO         1523    i.HAL_PCD_EP_Close  stm32f4xx_hal_pcd.o
    0x080017f6   0x080017f6   0x0000005c   Code   RO         1524    i.HAL_PCD_EP_ClrStall  stm32f4xx_hal_pcd.o
    0x08001852   0x08001852   0x00000012   Code   RO         1526    i.HAL_PCD_EP_GetRxCount  stm32f4xx_hal_pcd.o
    0x08001864   0x08001864   0x00000060   Code   RO         1527    i.HAL_PCD_EP_Open   stm32f4xx_hal_pcd.o
    0x080018c4   0x080018c4   0x00000048   Code   RO         1528    i.HAL_PCD_EP_Receive  stm32f4xx_hal_pcd.o
    0x0800190c   0x0800190c   0x00000074   Code   RO         1529    i.HAL_PCD_EP_SetStall  stm32f4xx_hal_pcd.o
    0x08001980   0x08001980   0x00000040   Code   RO         1530    i.HAL_PCD_EP_Transmit  stm32f4xx_hal_pcd.o
    0x080019c0   0x080019c0   0x00000464   Code   RO         1532    i.HAL_PCD_IRQHandler  stm32f4xx_hal_pcd.o
    0x08001e24   0x08001e24   0x00000008   Code   RO         1306    i.HAL_PCD_ISOINIncompleteCallback  usbd_conf.o
    0x08001e2c   0x08001e2c   0x00000008   Code   RO         1307    i.HAL_PCD_ISOOUTIncompleteCallback  usbd_conf.o
    0x08001e34   0x08001e34   0x000000ee   Code   RO         1535    i.HAL_PCD_Init      stm32f4xx_hal_pcd.o
    0x08001f22   0x08001f22   0x00000002   PAD
    0x08001f24   0x08001f24   0x000000a0   Code   RO         1309    i.HAL_PCD_MspInit   usbd_conf.o
    0x08001fc4   0x08001fc4   0x0000002c   Code   RO         1310    i.HAL_PCD_ResetCallback  usbd_conf.o
    0x08001ff0   0x08001ff0   0x00000008   Code   RO         1311    i.HAL_PCD_ResumeCallback  usbd_conf.o
    0x08001ff8   0x08001ff8   0x00000008   Code   RO         1312    i.HAL_PCD_SOFCallback  usbd_conf.o
    0x08002000   0x08002000   0x00000028   Code   RO         1541    i.HAL_PCD_SetAddress  stm32f4xx_hal_pcd.o
    0x08002028   0x08002028   0x0000000e   Code   RO         1313    i.HAL_PCD_SetupStageCallback  usbd_conf.o
    0x08002036   0x08002036   0x00000042   Code   RO         1543    i.HAL_PCD_Start     stm32f4xx_hal_pcd.o
    0x08002078   0x08002078   0x00000030   Code   RO         1314    i.HAL_PCD_SuspendCallback  usbd_conf.o
    0x080020a8   0x080020a8   0x0000042c   Code   RO         2202    i.HAL_RCCEx_PeriphCLKConfig  stm32f4xx_hal_rcc_ex.o
    0x080024d4   0x080024d4   0x00000134   Code   RO         2095    i.HAL_RCC_ClockConfig  stm32f4xx_hal_rcc.o
    0x08002608   0x08002608   0x00000040   Code   RO         2099    i.HAL_RCC_GetClockConfig  stm32f4xx_hal_rcc.o
    0x08002648   0x08002648   0x0000000c   Code   RO         2100    i.HAL_RCC_GetHCLKFreq  stm32f4xx_hal_rcc.o
    0x08002654   0x08002654   0x00000020   Code   RO         2102    i.HAL_RCC_GetPCLK1Freq  stm32f4xx_hal_rcc.o
    0x08002674   0x08002674   0x00000098   Code   RO         2206    i.HAL_RCC_GetSysClockFreq  stm32f4xx_hal_rcc_ex.o
    0x0800270c   0x0800270c   0x00000330   Code   RO         2207    i.HAL_RCC_OscConfig  stm32f4xx_hal_rcc_ex.o
    0x08002a3c   0x08002a3c   0x00000002   Code   RO         3335    i.HAL_SPI_ErrorCallback  stm32f4xx_hal_spi.o
    0x08002a3e   0x08002a3e   0x00000002   PAD
    0x08002a40   0x08002a40   0x000000fc   Code   RO         3338    i.HAL_SPI_IRQHandler  stm32f4xx_hal_spi.o
    0x08002b3c   0x08002b3c   0x00000080   Code   RO         3339    i.HAL_SPI_Init      stm32f4xx_hal_spi.o
    0x08002bbc   0x08002bbc   0x000000e0   Code   RO          864    i.HAL_SPI_MspInit   spi.o
    0x08002c9c   0x08002c9c   0x000001da   Code   RO         3348    i.HAL_SPI_TransmitReceive  stm32f4xx_hal_spi.o
    0x08002e76   0x08002e76   0x00000002   Code   RO         4327    i.HAL_TIMEx_BreakCallback  stm32f4xx_hal_tim_ex.o
    0x08002e78   0x08002e78   0x00000002   Code   RO         4328    i.HAL_TIMEx_CommutCallback  stm32f4xx_hal_tim_ex.o
    0x08002e7a   0x08002e7a   0x00000002   PAD
    0x08002e7c   0x08002e7c   0x00000090   Code   RO         4345    i.HAL_TIMEx_MasterConfigSynchronization  stm32f4xx_hal_tim_ex.o
    0x08002f0c   0x08002f0c   0x00000036   Code   RO         3652    i.HAL_TIM_Base_Init  stm32f4xx_hal_tim.o
    0x08002f42   0x08002f42   0x00000002   Code   RO         3654    i.HAL_TIM_Base_MspInit  stm32f4xx_hal_tim.o
    0x08002f44   0x08002f44   0x00000024   Code   RO         3655    i.HAL_TIM_Base_Start  stm32f4xx_hal_tim.o
    0x08002f68   0x08002f68   0x00000022   Code   RO         3657    i.HAL_TIM_Base_Start_IT  stm32f4xx_hal_tim.o
    0x08002f8a   0x08002f8a   0x00000002   Code   RO         3681    i.HAL_TIM_IC_CaptureCallback  stm32f4xx_hal_tim.o
    0x08002f8c   0x08002f8c   0x00000166   Code   RO         3695    i.HAL_TIM_IRQHandler  stm32f4xx_hal_tim.o
    0x080030f2   0x080030f2   0x00000002   PAD
    0x080030f4   0x080030f4   0x00000060   Code   RO          905    i.HAL_TIM_MspPostInit  tim.o
    0x08003154   0x08003154   0x00000002   Code   RO         3698    i.HAL_TIM_OC_DelayElapsedCallback  stm32f4xx_hal_tim.o
    0x08003156   0x08003156   0x000000d0   Code   RO         3719    i.HAL_TIM_PWM_ConfigChannel  stm32f4xx_hal_tim.o
    0x08003226   0x08003226   0x00000036   Code   RO         3722    i.HAL_TIM_PWM_Init  stm32f4xx_hal_tim.o
    0x0800325c   0x0800325c   0x00000028   Code   RO          907    i.HAL_TIM_PWM_MspInit  tim.o
    0x08003284   0x08003284   0x00000002   Code   RO         3725    i.HAL_TIM_PWM_PulseFinishedCallback  stm32f4xx_hal_tim.o
    0x08003286   0x08003286   0x00000002   PAD
    0x08003288   0x08003288   0x00000044   Code   RO         3727    i.HAL_TIM_PWM_Start  stm32f4xx_hal_tim.o
    0x080032cc   0x080032cc   0x0000000e   Code   RO          590    i.HAL_TIM_PeriodElapsedCallback  main.o
    0x080032da   0x080032da   0x00000002   Code   RO         3738    i.HAL_TIM_TriggerCallback  stm32f4xx_hal_tim.o
    0x080032dc   0x080032dc   0x000000fc   Code   RO         6245    i.H_K_R_Adjustment  kalman_filter.o
    0x080033d8   0x080033d8   0x00000002   Code   RO          957    i.HardFault_Handler  stm32f4xx_it.o
    0x080033da   0x080033da   0x00000002   PAD
    0x080033dc   0x080033dc   0x000001a4   Code   RO         6359    i.IMU_QuaternionEKF_F_Linearization_P_Fading  quaternionekf.o
    0x08003580   0x08003580   0x000000dc   Code   RO         6360    i.IMU_QuaternionEKF_Init  quaternionekf.o
    0x0800365c   0x0800365c   0x00000034   Code   RO         6361    i.IMU_QuaternionEKF_Observe  quaternionekf.o
    0x08003690   0x08003690   0x000000dc   Code   RO         6363    i.IMU_QuaternionEKF_SetH  quaternionekf.o
    0x0800376c   0x0800376c   0x000003f4   Code   RO         6364    i.IMU_QuaternionEKF_Update  quaternionekf.o
    0x08003b60   0x08003b60   0x000003d8   Code   RO         6365    i.IMU_QuaternionEKF_xhatUpdate  quaternionekf.o
    0x08003f38   0x08003f38   0x00000050   Code   RO          292    i.IMU_Temperature_Ctrl  imu_temp_control_task.o
    0x08003f88   0x08003f88   0x00000178   Code   RO          293    i.INS_Task          imu_temp_control_task.o
    0x08004100   0x08004100   0x0000006c   Code   RO          294    i.Imu_Init          imu_temp_control_task.o
    0x0800416c   0x0800416c   0x00000036   Code   RO         1152    i.IntToUnicode      usbd_desc.o
    0x080041a2   0x080041a2   0x00000002   PAD
    0x080041a4   0x080041a4   0x00000428   Code   RO         6246    i.Kalman_Filter_Init  kalman_filter.o
    0x080045cc   0x080045cc   0x00000048   Code   RO         6247    i.Kalman_Filter_Measure  kalman_filter.o
    0x08004614   0x08004614   0x0000006a   Code   RO         6248    i.Kalman_Filter_P_Update  kalman_filter.o
    0x0800467e   0x0800467e   0x0000006c   Code   RO         6249    i.Kalman_Filter_PminusUpdate  kalman_filter.o
    0x080046ea   0x080046ea   0x000000cc   Code   RO         6251    i.Kalman_Filter_SetK  kalman_filter.o
    0x080047b6   0x080047b6   0x00000002   PAD
    0x080047b8   0x080047b8   0x000000e8   Code   RO         6252    i.Kalman_Filter_Update  kalman_filter.o
    0x080048a0   0x080048a0   0x00000074   Code   RO         6253    i.Kalman_Filter_xhatMinusUpdate  kalman_filter.o
    0x08004914   0x08004914   0x00000084   Code   RO         6254    i.Kalman_Filter_xhatUpdate  kalman_filter.o
    0x08004998   0x08004998   0x0000003c   Code   RO          839    i.MX_DMA_Init       dma.o
    0x080049d4   0x080049d4   0x0000003c   Code   RO          775    i.MX_FREERTOS_Init  freertos.o
    0x08004a10   0x08004a10   0x000000dc   Code   RO          751    i.MX_GPIO_Init      gpio.o
    0x08004aec   0x08004aec   0x00000048   Code   RO          865    i.MX_SPI2_Init      spi.o
    0x08004b34   0x08004b34   0x00000070   Code   RO          908    i.MX_TIM3_Init      tim.o
    0x08004ba4   0x08004ba4   0x00000054   Code   RO         1104    i.MX_USB_DEVICE_Init  usb_device.o
    0x08004bf8   0x08004bf8   0x000001e8   Code   RO         6643    i.MahonyAHRSinit    mahonyahrs.o
    0x08004de0   0x08004de0   0x000001d4   Code   RO         6644    i.MahonyAHRSupdateIMU  mahonyahrs.o
    0x08004fb4   0x08004fb4   0x00000040   Code   RO         6645    i.Mahony_Init       mahonyahrs.o
    0x08004ff4   0x08004ff4   0x000000fc   Code   RO         6646    i.Mahony_computeAngles  mahonyahrs.o
    0x080050f0   0x080050f0   0x0000003c   Code   RO         6647    i.Mahony_invSqrt    mahonyahrs.o
    0x0800512c   0x0800512c   0x0000033c   Code   RO         6648    i.Mahony_update     mahonyahrs.o
    0x08005468   0x08005468   0x00000002   Code   RO          958    i.MemManage_Handler  stm32f4xx_it.o
    0x0800546a   0x0800546a   0x00000002   Code   RO          959    i.NMI_Handler       stm32f4xx_it.o
    0x0800546c   0x0800546c   0x0000000c   Code   RO          960    i.OTG_FS_IRQHandler  stm32f4xx_it.o
    0x08005478   0x08005478   0x000000cc   Code   RO         1547    i.PCD_EP_OutXfrComplete_int  stm32f4xx_hal_pcd.o
    0x08005544   0x08005544   0x00000098   Code   RO         1548    i.PCD_WriteEmptyTxFifo  stm32f4xx_hal_pcd.o
    0x080055dc   0x080055dc   0x00000128   Code   RO          518    i.PID_calc          pid.o
    0x08005704   0x08005704   0x0000005c   Code   RO          520    i.PID_init          pid.o
    0x08005760   0x08005760   0x0000000c   Code   RO          961    i.SPI2_IRQHandler   stm32f4xx_it.o
    0x0800576c   0x0800576c   0x00000010   Code   RO         3366    i.SPI_DMAAbortOnError  stm32f4xx_hal_spi.o
    0x0800577c   0x0800577c   0x00000058   Code   RO         3377    i.SPI_EndRxTxTransaction  stm32f4xx_hal_spi.o
    0x080057d4   0x080057d4   0x00000094   Code   RO         3382    i.SPI_WaitFlagStateUntilTimeout  stm32f4xx_hal_spi.o
    0x08005868   0x08005868   0x0000000a   Code   RO         6006    i.SWAPBYTE          usbd_ctlreq.o
    0x08005872   0x08005872   0x00000002   PAD
    0x08005874   0x08005874   0x0000002c   Code   RO         5789    i.SysTick_Handler   port.o
    0x080058a0   0x080058a0   0x00000088   Code   RO          591    i.SystemClock_Config  main.o
    0x08005928   0x08005928   0x0000001c   Code   RO         6799    i.SystemInit        system_stm32f4xx.o
    0x08005944   0x08005944   0x0000000c   Code   RO          962    i.TIM2_IRQHandler   stm32f4xx_it.o
    0x08005950   0x08005950   0x000000c8   Code   RO         3740    i.TIM_Base_SetConfig  stm32f4xx_hal_tim.o
    0x08005a18   0x08005a18   0x0000001a   Code   RO         3741    i.TIM_CCxChannelCmd  stm32f4xx_hal_tim.o
    0x08005a32   0x08005a32   0x00000002   PAD
    0x08005a34   0x08005a34   0x00000060   Code   RO         3753    i.TIM_OC1_SetConfig  stm32f4xx_hal_tim.o
    0x08005a94   0x08005a94   0x0000006c   Code   RO         3754    i.TIM_OC2_SetConfig  stm32f4xx_hal_tim.o
    0x08005b00   0x08005b00   0x00000068   Code   RO         3755    i.TIM_OC3_SetConfig  stm32f4xx_hal_tim.o
    0x08005b68   0x08005b68   0x00000050   Code   RO         3756    i.TIM_OC4_SetConfig  stm32f4xx_hal_tim.o
    0x08005bb8   0x08005bb8   0x00000062   Code   RO         6139    i.USBD_CDC_DataIn   usbd_cdc.o
    0x08005c1a   0x08005c1a   0x0000002a   Code   RO         6140    i.USBD_CDC_DataOut  usbd_cdc.o
    0x08005c44   0x08005c44   0x0000004a   Code   RO         6141    i.USBD_CDC_DeInit   usbd_cdc.o
    0x08005c8e   0x08005c8e   0x00000024   Code   RO         6142    i.USBD_CDC_EP0_RxReady  usbd_cdc.o
    0x08005cb2   0x08005cb2   0x00000002   PAD
    0x08005cb4   0x08005cb4   0x0000000c   Code   RO         6143    i.USBD_CDC_GetDeviceQualifierDescriptor  usbd_cdc.o
    0x08005cc0   0x08005cc0   0x0000000c   Code   RO         6144    i.USBD_CDC_GetFSCfgDesc  usbd_cdc.o
    0x08005ccc   0x08005ccc   0x0000000c   Code   RO         6145    i.USBD_CDC_GetHSCfgDesc  usbd_cdc.o
    0x08005cd8   0x08005cd8   0x0000000c   Code   RO         6146    i.USBD_CDC_GetOtherSpeedCfgDesc  usbd_cdc.o
    0x08005ce4   0x08005ce4   0x000000a2   Code   RO         6147    i.USBD_CDC_Init     usbd_cdc.o
    0x08005d86   0x08005d86   0x00000028   Code   RO         6148    i.USBD_CDC_ReceivePacket  usbd_cdc.o
    0x08005dae   0x08005dae   0x0000000e   Code   RO         6149    i.USBD_CDC_RegisterInterface  usbd_cdc.o
    0x08005dbc   0x08005dbc   0x0000000c   Code   RO         6150    i.USBD_CDC_SetRxBuffer  usbd_cdc.o
    0x08005dc8   0x08005dc8   0x00000010   Code   RO         6151    i.USBD_CDC_SetTxBuffer  usbd_cdc.o
    0x08005dd8   0x08005dd8   0x000000b0   Code   RO         6152    i.USBD_CDC_Setup    usbd_cdc.o
    0x08005e88   0x08005e88   0x00000036   Code   RO         6153    i.USBD_CDC_TransmitPacket  usbd_cdc.o
    0x08005ebe   0x08005ebe   0x00000010   Code   RO         5868    i.USBD_ClrClassConfig  usbd_core.o
    0x08005ece   0x08005ece   0x00000010   Code   RO         6079    i.USBD_CtlContinueRx  usbd_ioreq.o
    0x08005ede   0x08005ede   0x00000010   Code   RO         6080    i.USBD_CtlContinueSendData  usbd_ioreq.o
    0x08005eee   0x08005eee   0x00000016   Code   RO         6007    i.USBD_CtlError     usbd_ctlreq.o
    0x08005f04   0x08005f04   0x0000001e   Code   RO         6081    i.USBD_CtlPrepareRx  usbd_ioreq.o
    0x08005f22   0x08005f22   0x00000016   Code   RO         6082    i.USBD_CtlReceiveStatus  usbd_ioreq.o
    0x08005f38   0x08005f38   0x0000001a   Code   RO         6083    i.USBD_CtlSendData  usbd_ioreq.o
    0x08005f52   0x08005f52   0x00000016   Code   RO         6084    i.USBD_CtlSendStatus  usbd_ioreq.o
    0x08005f68   0x08005f68   0x00000020   Code   RO         1153    i.USBD_FS_ConfigStrDescriptor  usbd_desc.o
    0x08005f88   0x08005f88   0x0000000c   Code   RO         1154    i.USBD_FS_DeviceDescriptor  usbd_desc.o
    0x08005f94   0x08005f94   0x00000024   Code   RO         1155    i.USBD_FS_InterfaceStrDescriptor  usbd_desc.o
    0x08005fb8   0x08005fb8   0x0000000c   Code   RO         1156    i.USBD_FS_LangIDStrDescriptor  usbd_desc.o
    0x08005fc4   0x08005fc4   0x00000028   Code   RO         1157    i.USBD_FS_ManufacturerStrDescriptor  usbd_desc.o
    0x08005fec   0x08005fec   0x0000002c   Code   RO         1158    i.USBD_FS_ProductStrDescriptor  usbd_desc.o
    0x08006018   0x08006018   0x00000038   Code   RO         1159    i.USBD_FS_SerialStrDescriptor  usbd_desc.o
    0x08006050   0x08006050   0x0000000c   Code   RO         1160    i.USBD_FS_USR_BOSDescriptor  usbd_desc.o
    0x0800605c   0x0800605c   0x000000fa   Code   RO         6008    i.USBD_GetDescriptor  usbd_ctlreq.o
    0x08006156   0x08006156   0x00000048   Code   RO         6009    i.USBD_GetString    usbd_ctlreq.o
    0x0800619e   0x0800619e   0x00000018   Code   RO         1315    i.USBD_Get_USB_Status  usbd_conf.o
    0x080061b6   0x080061b6   0x00000034   Code   RO         5870    i.USBD_Init         usbd_core.o
    0x080061ea   0x080061ea   0x00000012   Code   RO         1316    i.USBD_LL_ClearStallEP  usbd_conf.o
    0x080061fc   0x080061fc   0x00000012   Code   RO         1317    i.USBD_LL_CloseEP   usbd_conf.o
    0x0800620e   0x0800620e   0x000000aa   Code   RO         5871    i.USBD_LL_DataInStage  usbd_core.o
    0x080062b8   0x080062b8   0x0000006e   Code   RO         5872    i.USBD_LL_DataOutStage  usbd_core.o
    0x08006326   0x08006326   0x00000004   Code   RO         5873    i.USBD_LL_DevConnected  usbd_core.o
    0x0800632a   0x0800632a   0x00000018   Code   RO         5874    i.USBD_LL_DevDisconnected  usbd_core.o
    0x08006342   0x08006342   0x00000008   Code   RO         1321    i.USBD_LL_GetRxDataSize  usbd_conf.o
    0x0800634a   0x0800634a   0x00000002   PAD
    0x0800634c   0x0800634c   0x00000060   Code   RO         1322    i.USBD_LL_Init      usbd_conf.o
    0x080063ac   0x080063ac   0x00000020   Code   RO         1323    i.USBD_LL_IsStallEP  usbd_conf.o
    0x080063cc   0x080063cc   0x00000004   Code   RO         5875    i.USBD_LL_IsoINIncomplete  usbd_core.o
    0x080063d0   0x080063d0   0x00000004   Code   RO         5876    i.USBD_LL_IsoOUTIncomplete  usbd_core.o
    0x080063d4   0x080063d4   0x00000018   Code   RO         1324    i.USBD_LL_OpenEP    usbd_conf.o
    0x080063ec   0x080063ec   0x00000012   Code   RO         1325    i.USBD_LL_PrepareReceive  usbd_conf.o
    0x080063fe   0x080063fe   0x00000052   Code   RO         5877    i.USBD_LL_Reset     usbd_core.o
    0x08006450   0x08006450   0x00000014   Code   RO         5878    i.USBD_LL_Resume    usbd_core.o
    0x08006464   0x08006464   0x00000018   Code   RO         5879    i.USBD_LL_SOF       usbd_core.o
    0x0800647c   0x0800647c   0x00000006   Code   RO         5880    i.USBD_LL_SetSpeed  usbd_core.o
    0x08006482   0x08006482   0x00000012   Code   RO         1326    i.USBD_LL_SetUSBAddress  usbd_conf.o
    0x08006494   0x08006494   0x00000060   Code   RO         5881    i.USBD_LL_SetupStage  usbd_core.o
    0x080064f4   0x080064f4   0x00000012   Code   RO         1327    i.USBD_LL_StallEP   usbd_conf.o
    0x08006506   0x08006506   0x00000012   Code   RO         1328    i.USBD_LL_Start     usbd_conf.o
    0x08006518   0x08006518   0x00000012   Code   RO         5882    i.USBD_LL_Suspend   usbd_core.o
    0x0800652a   0x0800652a   0x00000012   Code   RO         1330    i.USBD_LL_Transmit  usbd_conf.o
    0x0800653c   0x0800653c   0x00000030   Code   RO         6010    i.USBD_ParseSetupRequest  usbd_ctlreq.o
    0x0800656c   0x0800656c   0x00000022   Code   RO         5883    i.USBD_RegisterClass  usbd_core.o
    0x0800658e   0x0800658e   0x00000014   Code   RO         5885    i.USBD_SetClassConfig  usbd_core.o
    0x080065a2   0x080065a2   0x00000002   PAD
    0x080065a4   0x080065a4   0x000000bc   Code   RO         6011    i.USBD_SetConfig    usbd_ctlreq.o
    0x08006660   0x08006660   0x00000004   Code   RO         5886    i.USBD_Start        usbd_core.o
    0x08006664   0x08006664   0x00000114   Code   RO         6012    i.USBD_StdDevReq    usbd_ctlreq.o
    0x08006778   0x08006778   0x0000014c   Code   RO         6013    i.USBD_StdEPReq     usbd_ctlreq.o
    0x080068c4   0x080068c4   0x00000052   Code   RO         6014    i.USBD_StdItfReq    usbd_ctlreq.o
    0x08006916   0x08006916   0x00000002   Code   RO         1331    i.USBD_static_free  usbd_conf.o
    0x08006918   0x08006918   0x00000008   Code   RO         1332    i.USBD_static_malloc  usbd_conf.o
    0x08006920   0x08006920   0x00000080   Code   RO         1795    i.USB_ActivateEndpoint  stm32f4xx_ll_usb.o
    0x080069a0   0x080069a0   0x0000001c   Code   RO         1797    i.USB_ActivateSetup  stm32f4xx_ll_usb.o
    0x080069bc   0x080069bc   0x00000074   Code   RO         1799    i.USB_CoreInit      stm32f4xx_ll_usb.o
    0x08006a30   0x08006a30   0x00000034   Code   RO         1800    i.USB_CoreReset     stm32f4xx_ll_usb.o
    0x08006a64   0x08006a64   0x000000d0   Code   RO         1803    i.USB_DeactivateEndpoint  stm32f4xx_ll_usb.o
    0x08006b34   0x08006b34   0x0000001c   Code   RO         1804    i.USB_DevConnect    stm32f4xx_ll_usb.o
    0x08006b50   0x08006b50   0x0000001c   Code   RO         1805    i.USB_DevDisconnect  stm32f4xx_ll_usb.o
    0x08006b6c   0x08006b6c   0x00000170   Code   RO         1806    i.USB_DevInit       stm32f4xx_ll_usb.o
    0x08006cdc   0x08006cdc   0x0000000c   Code   RO         1807    i.USB_DisableGlobalInt  stm32f4xx_ll_usb.o
    0x08006ce8   0x08006ce8   0x00000118   Code   RO         1810    i.USB_EP0StartXfer  stm32f4xx_ll_usb.o
    0x08006e00   0x08006e00   0x00000058   Code   RO         1811    i.USB_EP0_OutStart  stm32f4xx_ll_usb.o
    0x08006e58   0x08006e58   0x00000058   Code   RO         1812    i.USB_EPClearStall  stm32f4xx_ll_usb.o
    0x08006eb0   0x08006eb0   0x00000058   Code   RO         1813    i.USB_EPSetStall    stm32f4xx_ll_usb.o
    0x08006f08   0x08006f08   0x000001e4   Code   RO         1814    i.USB_EPStartXfer   stm32f4xx_ll_usb.o
    0x080070ec   0x080070ec   0x0000000c   Code   RO         1815    i.USB_EnableGlobalInt  stm32f4xx_ll_usb.o
    0x080070f8   0x080070f8   0x00000020   Code   RO         1816    i.USB_FlushRxFifo   stm32f4xx_ll_usb.o
    0x08007118   0x08007118   0x00000024   Code   RO         1817    i.USB_FlushTxFifo   stm32f4xx_ll_usb.o
    0x0800713c   0x0800713c   0x0000001a   Code   RO         1819    i.USB_GetDevSpeed   stm32f4xx_ll_usb.o
    0x08007156   0x08007156   0x00000008   Code   RO         1821    i.USB_GetMode       stm32f4xx_ll_usb.o
    0x0800715e   0x0800715e   0x0000000e   Code   RO         1828    i.USB_ReadDevAllInEpInterrupt  stm32f4xx_ll_usb.o
    0x0800716c   0x0800716c   0x0000000e   Code   RO         1829    i.USB_ReadDevAllOutEpInterrupt  stm32f4xx_ll_usb.o
    0x0800717a   0x0800717a   0x00000024   Code   RO         1830    i.USB_ReadDevInEPInterrupt  stm32f4xx_ll_usb.o
    0x0800719e   0x0800719e   0x00000010   Code   RO         1831    i.USB_ReadDevOutEPInterrupt  stm32f4xx_ll_usb.o
    0x080071ae   0x080071ae   0x00000008   Code   RO         1832    i.USB_ReadInterrupts  stm32f4xx_ll_usb.o
    0x080071b6   0x080071b6   0x0000001e   Code   RO         1833    i.USB_ReadPacket    stm32f4xx_ll_usb.o
    0x080071d4   0x080071d4   0x0000002e   Code   RO         1835    i.USB_SetCurrentMode  stm32f4xx_ll_usb.o
    0x08007202   0x08007202   0x00000022   Code   RO         1836    i.USB_SetDevAddress  stm32f4xx_ll_usb.o
    0x08007224   0x08007224   0x000000e8   Code   RO         1838    i.USB_SetTurnaroundTime  stm32f4xx_ll_usb.o
    0x0800730c   0x0800730c   0x00000024   Code   RO         1841    i.USB_WritePacket   stm32f4xx_ll_usb.o
    0x08007330   0x08007330   0x00000002   Code   RO          963    i.UsageFault_Handler  stm32f4xx_it.o
    0x08007332   0x08007332   0x0000000c   Code   RO          776    i.Vofa_Task         freertos.o
    0x0800733e   0x0800733e   0x00000026   Code   RO         7109    i.__ARM_fpclassifyf  m_wm.l(fpclassifyf.o)
    0x08007364   0x08007364   0x00000020   Code   RO         2953    i.__NVIC_SetPriority  stm32f4xx_hal_cortex.o
    0x08007384   0x08007384   0x0000012c   Code   RO         7037    i.__hardfp_asinf    m_wm.l(asinf.o)
    0x080074b0   0x080074b0   0x00000250   Code   RO         7049    i.__hardfp_atan2f   m_wm.l(atan2f.o)
    0x08007700   0x08007700   0x00000150   Code   RO         7061    i.__hardfp_cosf     m_wm.l(cosf.o)
    0x08007850   0x08007850   0x00000190   Code   RO         7073    i.__hardfp_sinf     m_wm.l(sinf.o)
    0x080079e0   0x080079e0   0x0000003a   Code   RO         7085    i.__hardfp_sqrtf    m_wm.l(sqrtf.o)
    0x08007a1a   0x08007a1a   0x00000006   Code   RO         7112    i.__mathlib_flt_infnan  m_wm.l(funder.o)
    0x08007a20   0x08007a20   0x00000006   Code   RO         7113    i.__mathlib_flt_infnan2  m_wm.l(funder.o)
    0x08007a26   0x08007a26   0x00000002   PAD
    0x08007a28   0x08007a28   0x00000010   Code   RO         7114    i.__mathlib_flt_invalid  m_wm.l(funder.o)
    0x08007a38   0x08007a38   0x00000010   Code   RO         7117    i.__mathlib_flt_underflow  m_wm.l(funder.o)
    0x08007a48   0x08007a48   0x00000154   Code   RO         7125    i.__mathlib_rredf2  m_wm.l(rredf.o)
    0x08007b9c   0x08007b9c   0x00000210   Code   RO         6366    i.arm_atan2_f32     quaternionekf.o
    0x08007dac   0x08007dac   0x0000010c   Code   RO           18    i.bmi088_accel_init  bmi088driver.o
    0x08007eb8   0x08007eb8   0x000000dc   Code   RO           19    i.bmi088_gyro_init  bmi088driver.o
    0x08007f94   0x08007f94   0x00000014   Code   RO          777    i.imu_temp_control_task  freertos.o
    0x08007fa8   0x08007fa8   0x00000018   Code   RO         6652    i.invSqrt           mahonyahrs.o
    0x08007fc0   0x08007fc0   0x00000022   Code   RO          592    i.main              main.o
    0x08007fe2   0x08007fe2   0x0000000c   Code   RO         5360    i.makeFreeRtosPriority  cmsis_os.o
    0x08007fee   0x08007fee   0x0000000e   Code   RO         5362    i.osDelay           cmsis_os.o
    0x08007ffc   0x08007ffc   0x0000000a   Code   RO         5365    i.osKernelStart     cmsis_os.o
    0x08008006   0x08008006   0x00000054   Code   RO         5399    i.osThreadCreate    cmsis_os.o
    0x0800805a   0x0800805a   0x00000002   PAD
    0x0800805c   0x0800805c   0x00000070   Code   RO         5043    i.prvAddCurrentTaskToDelayedList  tasks.o
    0x080080cc   0x080080cc   0x000000d0   Code   RO         5044    i.prvAddNewTaskToReadyList  tasks.o
    0x0800819c   0x0800819c   0x00000034   Code   RO         5045    i.prvDeleteTCB      tasks.o
    0x080081d0   0x080081d0   0x0000004c   Code   RO         5727    i.prvHeapInit       heap_4.o
    0x0800821c   0x0800821c   0x0000005c   Code   RO         5046    i.prvIdleTask       tasks.o
    0x08008278   0x08008278   0x00000098   Code   RO         5047    i.prvInitialiseNewTask  tasks.o
    0x08008310   0x08008310   0x0000004c   Code   RO         5728    i.prvInsertBlockIntoFreeList  heap_4.o
    0x0800835c   0x0800835c   0x00000020   Code   RO         5048    i.prvResetNextTaskUnblockTime  tasks.o
    0x0800837c   0x0800837c   0x00000028   Code   RO         5790    i.prvTaskExitError  port.o
    0x080083a4   0x080083a4   0x000000d8   Code   RO         5729    i.pvPortMalloc      heap_4.o
    0x0800847c   0x0800847c   0x0000002c   Code   RO         5791    i.pxPortInitialiseStack  port.o
    0x080084a8   0x080084a8   0x0000003e   Code   RO         7087    i.sqrtf             m_wm.l(sqrtf.o)
    0x080084e6   0x080084e6   0x00000004   Code   RO         6255    i.user_malloc       kalman_filter.o
    0x080084ea   0x080084ea   0x00000026   Code   RO         4679    i.uxListRemove      list.o
    0x08008510   0x08008510   0x00000014   Code   RO          778    i.vApplicationGetIdleTaskMemory  freertos.o
    0x08008524   0x08008524   0x00000016   Code   RO         4680    i.vListInitialise   list.o
    0x0800853a   0x0800853a   0x00000006   Code   RO         4681    i.vListInitialiseItem  list.o
    0x08008540   0x08008540   0x00000030   Code   RO         4682    i.vListInsert       list.o
    0x08008570   0x08008570   0x00000018   Code   RO         4683    i.vListInsertEnd    list.o
    0x08008588   0x08008588   0x00000040   Code   RO         5793    i.vPortEnterCritical  port.o
    0x080085c8   0x080085c8   0x00000028   Code   RO         5794    i.vPortExitCritical  port.o
    0x080085f0   0x080085f0   0x0000005c   Code   RO         5730    i.vPortFree         heap_4.o
    0x0800864c   0x0800864c   0x00000024   Code   RO         5795    i.vPortSetupTimerInterrupt  port.o
    0x08008670   0x08008670   0x0000004c   Code   RO         5057    i.vTaskDelay        tasks.o
    0x080086bc   0x080086bc   0x0000006c   Code   RO         5070    i.vTaskStartScheduler  tasks.o
    0x08008728   0x08008728   0x00000010   Code   RO         5072    i.vTaskSuspendAll   tasks.o
    0x08008738   0x08008738   0x0000005c   Code   RO         5073    i.vTaskSwitchContext  tasks.o
    0x08008794   0x08008794   0x0000007c   Code   RO         6735    i.vofa_demo         vofa.o
    0x08008810   0x08008810   0x00000034   Code   RO         6736    i.vofa_send_data    vofa.o
    0x08008844   0x08008844   0x0000003c   Code   RO         6737    i.vofa_sendframetail  vofa.o
    0x08008880   0x08008880   0x00000004   Code   RO         6738    i.vofa_start        vofa.o
    0x08008884   0x08008884   0x00000004   Code   RO         6739    i.vofa_transmit     vofa.o
    0x08008888   0x08008888   0x000000f4   Code   RO         5797    i.xPortStartScheduler  port.o
    0x0800897c   0x0800897c   0x0000005a   Code   RO         5075    i.xTaskCreate       tasks.o
    0x080089d6   0x080089d6   0x0000005a   Code   RO         5076    i.xTaskCreateStatic  tasks.o
    0x08008a30   0x08008a30   0x000000c8   Code   RO         5084    i.xTaskIncrementTick  tasks.o
    0x08008af8   0x08008af8   0x000000c4   Code   RO         5090    i.xTaskResumeAll    tasks.o
    0x08008bbc   0x08008bbc   0x0000000c   Code   RO         7104    x$fpl$dretinf       fz_wm.l(dretinf.o)
    0x08008bc8   0x08008bc8   0x00000056   Code   RO         7035    x$fpl$f2d           fz_wm.l(f2d.o)
    0x08008c1e   0x08008c1e   0x0000008c   Code   RO         7106    x$fpl$fnaninf       fz_wm.l(fnaninf.o)
    0x08008caa   0x08008caa   0x0000000a   Code   RO         7235    x$fpl$fpinit        fz_wm.l(fpinit.o)
    0x08008cb4   0x08008cb4   0x00000000   Code   RO         7108    x$fpl$usenofp       fz_wm.l(usenofp.o)
    0x08008cb4   0x08008cb4   0x0000000c   Data   RO          296    .constdata          imu_temp_control_task.o
    0x08008cc0   0x08008cc0   0x00000038   Data   RO          784    .constdata          freertos.o
    0x08008cf8   0x08008cf8   0x00000008   Data   RO         2652    .constdata          stm32f4xx_hal_dma.o
    0x08008d00   0x08008d00   0x00000148   Data   RO         6368    .constdata          quaternionekf.o
    0x08008e48   0x08008e48   0x00000010   Data   RO         6800    .constdata          system_stm32f4xx.o
    0x08008e58   0x08008e58   0x00000008   Data   RO         6801    .constdata          system_stm32f4xx.o
    0x08008e60   0x08008e60   0x00000020   Data   RO         7126    .constdata          m_wm.l(rredf.o)
    0x08008e80   0x08008e80   0x00000011   Data   RO          785    .conststring        freertos.o
    0x08008e91   0x08008e91   0x00000003   PAD
    0x08008e94   0x08008e94   0x00000804   Data   RO         7008    .rodata.sinTable_f32  arm_cortexM4lf_math.lib(arm_common_tables.o)
    0x08009698   0x08009698   0x00000020   Data   RO         7291    Region$$Table       anon$$obj.o


    Execution Region RW_IRAM1 (Exec base: 0x20000000, Load base: 0x080096b8, Size: 0x00008ad0, Max: 0x00020000, ABSOLUTE, COMPRESSED[0x0000011c])

    Exec Addr    Load Addr    Size         Type   Attr      Idx    E Section Name        Object

    0x20000000   COMPRESSED   0x0000002c   Data   RW           20    .data               bmi088driver.o
    0x2000002c   COMPRESSED   0x00000020   Data   RW          297    .data               imu_temp_control_task.o
    0x2000004c   COMPRESSED   0x00000008   Data   RW          786    .data               freertos.o
    0x20000054   COMPRESSED   0x00000020   Data   RW         1162    .data               usbd_desc.o
    0x20000074   COMPRESSED   0x0000003e   Data   RW         1163    .data               usbd_desc.o
    0x200000b2   COMPRESSED   0x00000002   PAD
    0x200000b4   COMPRESSED   0x00000014   Data   RW         1251    .data               usbd_cdc_if.o
    0x200000c8   COMPRESSED   0x0000000c   Data   RW         3097    .data               stm32f4xx_hal.o
    0x200000d4   COMPRESSED   0x0000003c   Data   RW         5093    .data               tasks.o
    0x20000110   COMPRESSED   0x00000018   Data   RW         5735    .data               heap_4.o
    0x20000128   COMPRESSED   0x0000000c   Data   RW         5798    .data               port.o
    0x20000134   COMPRESSED   0x00000001   Data   RW         6015    .data               usbd_ctlreq.o
    0x20000135   COMPRESSED   0x00000003   PAD
    0x20000138   COMPRESSED   0x000000d7   Data   RW         6154    .data               usbd_cdc.o
    0x2000020f   COMPRESSED   0x00000001   PAD
    0x20000210   COMPRESSED   0x00000038   Data   RW         6155    .data               usbd_cdc.o
    0x20000248   COMPRESSED   0x00000004   Data   RW         6256    .data               kalman_filter.o
    0x2000024c   COMPRESSED   0x00000090   Data   RW         6369    .data               quaternionekf.o
    0x200002dc   COMPRESSED   0x00000034   Data   RW         6653    .data               mahonyahrs.o
    0x20000310   COMPRESSED   0x00000002   Data   RW         6741    .data               vofa.o
    0x20000312   COMPRESSED   0x00000002   PAD
    0x20000314   COMPRESSED   0x00000004   Data   RW         6802    .data               system_stm32f4xx.o
    0x20000318        -       0x0000006c   Zero   RW          295    .bss                imu_temp_control_task.o
    0x20000384        -       0x00001000   Zero   RW          779    .bss                freertos.o
    0x20001384        -       0x00000054   Zero   RW          780    .bss                freertos.o
    0x200013d8        -       0x00000800   Zero   RW          781    .bss                freertos.o
    0x20001bd8        -       0x00000054   Zero   RW          782    .bss                freertos.o
    0x20001c2c        -       0x00000254   Zero   RW          783    .bss                freertos.o
    0x20001e80        -       0x00000118   Zero   RW          866    .bss                spi.o
    0x20001f98        -       0x00000040   Zero   RW          909    .bss                tim.o
    0x20001fd8        -       0x00000040   Zero   RW         1068    .bss                stm32f4xx_hal_timebase_tim.o
    0x20002018        -       0x000002d0   Zero   RW         1105    .bss                usb_device.o
    0x200022e8        -       0x00000200   Zero   RW         1161    .bss                usbd_desc.o
    0x200024e8        -       0x00001000   Zero   RW         1250    .bss                usbd_cdc_if.o
    0x200034e8        -       0x00000628   Zero   RW         1333    .bss                usbd_conf.o
    0x20003b10        -       0x000000f0   Zero   RW         5092    .bss                tasks.o
    0x20003c00        -       0x00003c00   Zero   RW         5734    .bss                heap_4.o
    0x20007800        -       0x00000270   Zero   RW         6367    .bss                quaternionekf.o
    0x20007a70        -       0x00000400   Zero   RW         6740    .bss                vofa.o
    0x20007e70        -       0x00000060   Zero   RW         7151    .bss                c_w.l(libspace.o)
    0x20007ed0        -       0x00000400   Zero   RW            2    HEAP                startup_stm32f446xx.o
    0x200082d0        -       0x00000800   Zero   RW            1    STACK               startup_stm32f446xx.o


==============================================================================

Image component sizes


      Code (inc. data)   RO Data    RW Data    ZI Data      Debug   Object Name

       932         14          0         44          0      11894   bmi088driver.o
       170         28          0          0          0       4900   bmi088middleware.o
       120          0          0          0          0      23401   cmsis_os.o
        60          4          0          0          0        846   dma.o
         0          0          0          0          0      15848   event_groups.o
       112         12         73          8       6908       3569   freertos.o
       220         16          0          0          0       1063   gpio.o
       460         24          0         24      15360       7623   heap_4.o
       564         74         12         32        108     609700   imu_temp_control_task.o
      2290         20          0          4          0      12621   kalman_filter.o
       138          0          0          0          0       3734   list.o
      2184         46          0         52          0       7802   mahonyahrs.o
       186         10          0          0          0     740528   main.o
       388          8          0          0          0       1890   pid.o
       702         70          0         12          0      11412   port.o
      3472        194        328        144        624      19159   quaternionekf.o
       296         28          0          0        280       1987   spi.o
        64         26        452          0       3072        876   startup_stm32f446xx.o
       116         18          0         12          0       8794   stm32f4xx_hal.o
       158         14          0          0          0      33154   stm32f4xx_hal_cortex.o
       788         16          8          0          0       4939   stm32f4xx_hal_dma.o
       430         40          0          0          0       2612   stm32f4xx_hal_gpio.o
        56          4          0          0          0        930   stm32f4xx_hal_msp.o
      2358         14          0          0          0      13461   stm32f4xx_hal_pcd.o
       116          6          0          0          0       2640   stm32f4xx_hal_pcd_ex.o
       416         48          0          0          0       3588   stm32f4xx_hal_rcc.o
      2036         74          0          0          0       4906   stm32f4xx_hal_rcc_ex.o
      1108         14          0          0          0       7234   stm32f4xx_hal_spi.o
      1436         90          0          0          0      14940   stm32f4xx_hal_tim.o
       148         28          0          0          0       2661   stm32f4xx_hal_tim_ex.o
       152         18          0          0         64       1571   stm32f4xx_hal_timebase_tim.o
        72         30          0          0          0       5477   stm32f4xx_it.o
      2576        130          0          0          0      23771   stm32f4xx_ll_usb.o
         0          0          0          0          0        408   stream_buffer.o
        28          6         24          4          0       1251   system_stm32f4xx.o
      1516        108          0         60        240      20058   tasks.o
       248         36          0          0         64       2459   tim.o
        84         18          0          0        720       2683   usb_device.o
       772         16          0        271          0      14105   usbd_cdc.o
       116         22          0         20       4096       4340   usbd_cdc_if.o
       768         28          0          0       1576      18505   usbd_conf.o
       688          0          0          0          0      13069   usbd_core.o
      1280         22          0          1          0      14592   usbd_ctlreq.o
       298        108          0         94        512       7301   usbd_desc.o
       132          0          0          0          0       4724   usbd_ioreq.o
       244         48          0          2       1024       3826   vofa.o

    ----------------------------------------------------------------------
     30536       1530        932        792      34648    1716852   Object Totals
         0          0         32          0          0          0   (incl. Generated)
        38          0          3          8          0          0   (incl. Padding)

    ----------------------------------------------------------------------

      Code (inc. data)   RO Data    RW Data    ZI Data      Debug   Library Member Name

         0          0       2052          0          0       6294   arm_common_tables.o
       152         12          0          0          0       1104   arm_cos_f32.o
       186          0          0          0          0       1797   arm_mat_add_f32.o
         8          0          0          0          0        841   arm_mat_init_f32.o
       756          4          0          0          0       3732   arm_mat_inverse_f32.o
       296          4          0          0          0       2300   arm_mat_mult_f32.o
       186          0          0          0          0       1795   arm_mat_sub_f32.o
       162          0          0          0          0       1865   arm_mat_trans_f32.o
        90          0          0          0          0          0   __dczerorl2.o
         8          0          0          0          0         68   __main.o
         0          0          0          0          0          0   __rtentry.o
        12          0          0          0          0          0   __rtentry2.o
         6          0          0          0          0          0   __rtentry4.o
        52          8          0          0          0          0   __scatter.o
        28          0          0          0          0          0   __scatter_zi.o
        22          0          0          0          0        100   _rserrno.o
        18          0          0          0          0         80   exit.o
         6          0          0          0          0        152   heapauxi.o
         0          0          0          0          0          0   indicate_semi.o
         2          0          0          0          0          0   libinit.o
         6          0          0          0          0          0   libinit2.o
         2          0          0          0          0          0   libshutdown.o
         2          0          0          0          0          0   libshutdown2.o
         8          4          0          0         96         68   libspace.o
       238          0          0          0          0        100   lludivv7m.o
         8          4          0          0          0         68   rt_errno_addr_intlibspace.o
        68          0          0          0          0         68   rt_memclr.o
        78          0          0          0          0         80   rt_memclr_w.o
       100          0          0          0          0         80   rt_memcpy_w.o
         2          0          0          0          0          0   rtexit.o
        10          0          0          0          0          0   rtexit2.o
        12          4          0          0          0         68   sys_exit.o
        74          0          0          0          0         80   sys_stackheap_outer.o
         2          0          0          0          0         68   use_no_semi.o
        12          0          0          0          0        116   dretinf.o
        86          4          0          0          0        132   f2d.o
       140          4          0          0          0        132   fnaninf.o
        10          0          0          0          0        116   fpinit.o
         0          0          0          0          0          0   usenofp.o
       300         42          0          0          0        176   asinf.o
       592         90          0          0          0        184   atan2f.o
       336         56          0          0          0        136   cosf.o
        38          0          0          0          0        116   fpclassifyf.o
        44         12          0          0          0        464   funder.o
       340         24         32          0          0        160   rredf.o
       400         56          0          0          0        212   sinf.o
       120          0          0          0          0        272   sqrtf.o

    ----------------------------------------------------------------------
      5032        328       2084          0         96      23024   Library Totals
        14          0          0          0          0          0   (incl. Padding)

    ----------------------------------------------------------------------

      Code (inc. data)   RO Data    RW Data    ZI Data      Debug   Library Name

      1746         20       2052          0          0      19728   arm_cortexM4lf_math.lib
       854         20          0          0         96       1080   c_w.l
       248          8          0          0          0        496   fz_wm.l
      2170        280         32          0          0       1720   m_wm.l

    ----------------------------------------------------------------------
      5032        328       2084          0         96      23024   Library Totals

    ----------------------------------------------------------------------

==============================================================================


      Code (inc. data)   RO Data    RW Data    ZI Data      Debug   

     35568       1858       3016        792      34744    1709012   Grand Totals
     35568       1858       3016        284      34744    1709012   ELF Image Totals (compressed)
     35568       1858       3016        284          0          0   ROM Totals

==============================================================================

    Total RO  Size (Code + RO Data)                38584 (  37.68kB)
    Total RW  Size (RW Data + ZI Data)             35536 (  34.70kB)
    Total ROM Size (Code + RO Data + RW Data)      38868 (  37.96kB)

==============================================================================

