<html>
<body>
<pre>
<h1>µVision Build Log</h1>
<h2>Tool Versions:</h2>
IDE-Version: ¦ÌVision V5.26.2.0
Copyright (C) 2018 ARM Ltd and ARM Germany GmbH. All rights reserved.
License Information: 1 1, 1, LIC=ATTQ1-CJMTL-01SP1-CJCET-69JMQ-5FG0E
 
Tool Versions:
Toolchain:       MDK-ARM Plus  Version: 5.26.2.0
Toolchain Path:  D:\Keil-APPINSTALL\ARM\ARMCC\Bin
C Compiler:      Armcc.exe V5.06 update 6 (build 750)
Assembler:       Armasm.exe V5.06 update 6 (build 750)
Linker/Locator:  ArmLink.exe V5.06 update 6 (build 750)
Library Manager: ArmAr.exe V5.06 update 6 (build 750)
Hex Converter:   FromElf.exe V5.06 update 6 (build 750)
CPU DLL:         SARMCM3.DLL V5.26.2.0
Dialog DLL:      DCM.DLL V1.17.2.0
Target DLL:      STLink\ST-LINKIII-KEIL_SWO.dll V3.0.5.0
Dialog DLL:      TCM.DLL V1.36.1.0
 
<h2>Project:</h2>
G:\Robomaster\NO5-NEW-DM-GYRO\DM-JY901\MDK-ARM\DM-GYRO.uvprojx
Project File Date:  05/03/2024

<h2>Output:</h2>
*** Using Compiler 'V5.06 update 6 (build 750)', folder: 'D:\Keil-APPINSTALL\ARM\ARMCC\Bin'
Build target 'DM-GYRO'
compiling drv_can.c...
..\bsp\drv_can.h(26): warning:  #1-D: last line of file ends without a newline
  #endif
../Drivers/CMSIS/Device/ST/STM32F4xx/Include/stm32f446xx.h(52): warning:  #47-D: incompatible redefinition of macro "__FPU_PRESENT" 
  #define __FPU_PRESENT             1U       /*!< FPU present                                   */
../Drivers/STM32F4xx_HAL_Driver/Inc/stm32f4xx_hal_uart.h(1732): warning:  #1-D: last line of file ends without a newline
  #endif /* __STM32F4xx_HAL_UART_H */
..\User\RC_device\rc_potocal.h(55): warning:  #1-D: last line of file ends without a newline
  #endif
..\bsp\drv_can.h(26): warning:  #1-D: last line of file ends without a newline
  #endif
..\bsp\drv_can.c(295): warning:  #1-D: last line of file ends without a newline
  }
..\bsp\drv_can.c: 6 warnings, 0 errors
compiling imu_temp_control_task.c...
../Drivers/CMSIS/Device/ST/STM32F4xx/Include/stm32f446xx.h(52): warning:  #47-D: incompatible redefinition of macro "__FPU_PRESENT" 
  #define __FPU_PRESENT             1U       /*!< FPU present                                   */
../Drivers/STM32F4xx_HAL_Driver/Inc/stm32f4xx_hal_uart.h(1732): warning:  #1-D: last line of file ends without a newline
  #endif /* __STM32F4xx_HAL_UART_H */
..\User\DM_BMI088\imu_temp_control_task.c: 2 warnings, 0 errors
linking...
Program Size: Code=49812 RO-data=2192 RW-data=880 ZI-data=23552  
FromELF: creating hex file...
".\DM-GYRO\DM-GYRO.axf" - 0 Error(s), 8 Warning(s).

<h2>Software Packages used:</h2>

Package Vendor: ARM
                http://www.keil.com/pack/ARM.CMSIS.5.7.0.pack
                ARM.CMSIS.5.7.0
                CMSIS (Cortex Microcontroller Software Interface Standard)
   * Component: CORE Version: 5.4.0

Package Vendor: Keil
                http://www.keil.com/pack/Keil.STM32F4xx_DFP.2.8.0.pack
                Keil.STM32F4xx_DFP.2.8.0
                STMicroelectronics STM32F4 Series Device Support, Drivers and Examples

<h2>Collection of Component include folders:</h2>
  .\RTE\_DM-GYRO
  D:\Keil-APPINSTALL\ARM\PACK\ARM\CMSIS\5.7.0\CMSIS\Core\Include
  D:\Keil-APPINSTALL\ARM\PACK\Keil\STM32F4xx_DFP\2.8.0\Drivers\CMSIS\Device\ST\STM32F4xx\Include

<h2>Collection of Component Files used:</h2>

   * Component: ARM::CMSIS:CORE:5.4.0
      Include file:  CMSIS\Core\Include\tz_context.h
Build Time Elapsed:  00:00:05
</pre>
</body>
</html>
